Archive member included because of file (symbol)

c:/altera/11.0/nios2eds/bin/gnu/h-i686-mingw32/bin/../lib/gcc/nios2-elf/4.1.2/../../../../nios2-elf/lib\libm.a(lib_a-w_sqrt.o)
                              obj/app/app.o (sqrt)
c:/altera/11.0/nios2eds/bin/gnu/h-i686-mingw32/bin/../lib/gcc/nios2-elf/4.1.2/../../../../nios2-elf/lib\libm.a(lib_a-e_sqrt.o)
                              c:/altera/11.0/nios2eds/bin/gnu/h-i686-mingw32/bin/../lib/gcc/nios2-elf/4.1.2/../../../../nios2-elf/lib\libm.a(lib_a-w_sqrt.o) (__ieee754_sqrt)
c:/altera/11.0/nios2eds/bin/gnu/h-i686-mingw32/bin/../lib/gcc/nios2-elf/4.1.2/../../../../nios2-elf/lib\libm.a(lib_a-s_isnand.o)
                              c:/altera/11.0/nios2eds/bin/gnu/h-i686-mingw32/bin/../lib/gcc/nios2-elf/4.1.2/../../../../nios2-elf/lib\libm.a(lib_a-w_sqrt.o) (__isnand)
c:/altera/11.0/nios2eds/bin/gnu/h-i686-mingw32/bin/../lib/gcc/nios2-elf/4.1.2/../../../../nios2-elf/lib\libm.a(lib_a-s_lib_ver.o)
                              c:/altera/11.0/nios2eds/bin/gnu/h-i686-mingw32/bin/../lib/gcc/nios2-elf/4.1.2/../../../../nios2-elf/lib\libm.a(lib_a-w_sqrt.o) (__fdlib_version)
c:/altera/11.0/nios2eds/bin/gnu/h-i686-mingw32/bin/../lib/gcc/nios2-elf/4.1.2/../../../../nios2-elf/lib\libm.a(lib_a-s_matherr.o)
                              c:/altera/11.0/nios2eds/bin/gnu/h-i686-mingw32/bin/../lib/gcc/nios2-elf/4.1.2/../../../../nios2-elf/lib\libm.a(lib_a-w_sqrt.o) (matherr)
c:/altera/11.0/nios2eds/bin/gnu/h-i686-mingw32/bin/../lib/gcc/nios2-elf/4.1.2\libgcc.a(_fixunsdfdi.o)
                              obj/us100/us100.o (__fixunsdfdi)
c:/altera/11.0/nios2eds/bin/gnu/h-i686-mingw32/bin/../lib/gcc/nios2-elf/4.1.2\libgcc.a(_floatundidf.o)
                              obj/us100/us100.o (__floatundidf)
c:/altera/11.0/nios2eds/bin/gnu/h-i686-mingw32/bin/../lib/gcc/nios2-elf/4.1.2\libgcc.a(_udivdi3.o)
                              obj/us100/us100.o (__udivdi3)
c:/altera/11.0/nios2eds/bin/gnu/h-i686-mingw32/bin/../lib/gcc/nios2-elf/4.1.2\libgcc.a(_addsub_sf.o)
                              obj/controller/controller.o (__subsf3)
c:/altera/11.0/nios2eds/bin/gnu/h-i686-mingw32/bin/../lib/gcc/nios2-elf/4.1.2\libgcc.a(_mul_sf.o)
                              obj/app/app.o (__mulsf3)
c:/altera/11.0/nios2eds/bin/gnu/h-i686-mingw32/bin/../lib/gcc/nios2-elf/4.1.2\libgcc.a(_div_sf.o)
                              obj/app/app.o (__divsf3)
c:/altera/11.0/nios2eds/bin/gnu/h-i686-mingw32/bin/../lib/gcc/nios2-elf/4.1.2\libgcc.a(_gt_sf.o)
                              obj/controller/controller.o (__gtsf2)
c:/altera/11.0/nios2eds/bin/gnu/h-i686-mingw32/bin/../lib/gcc/nios2-elf/4.1.2\libgcc.a(_lt_sf.o)
                              obj/controller/controller.o (__ltsf2)
c:/altera/11.0/nios2eds/bin/gnu/h-i686-mingw32/bin/../lib/gcc/nios2-elf/4.1.2\libgcc.a(_si_to_sf.o)
                              obj/app/app.o (__floatsisf)
c:/altera/11.0/nios2eds/bin/gnu/h-i686-mingw32/bin/../lib/gcc/nios2-elf/4.1.2\libgcc.a(_sf_to_si.o)
                              obj/app/app.o (__fixsfsi)
c:/altera/11.0/nios2eds/bin/gnu/h-i686-mingw32/bin/../lib/gcc/nios2-elf/4.1.2\libgcc.a(_sf_to_df.o)
                              obj/app/app.o (__extendsfdf2)
c:/altera/11.0/nios2eds/bin/gnu/h-i686-mingw32/bin/../lib/gcc/nios2-elf/4.1.2\libgcc.a(_thenan_sf.o)
                              c:/altera/11.0/nios2eds/bin/gnu/h-i686-mingw32/bin/../lib/gcc/nios2-elf/4.1.2\libgcc.a(_addsub_sf.o) (__thenan_sf)
c:/altera/11.0/nios2eds/bin/gnu/h-i686-mingw32/bin/../lib/gcc/nios2-elf/4.1.2\libgcc.a(_usi_to_sf.o)
                              obj/jy901/jy901.o (__floatunsisf)
c:/altera/11.0/nios2eds/bin/gnu/h-i686-mingw32/bin/../lib/gcc/nios2-elf/4.1.2\libgcc.a(_addsub_df.o)
                              c:/altera/11.0/nios2eds/bin/gnu/h-i686-mingw32/bin/../lib/gcc/nios2-elf/4.1.2/../../../../nios2-elf/lib\libm.a(lib_a-e_sqrt.o) (__subdf3)
c:/altera/11.0/nios2eds/bin/gnu/h-i686-mingw32/bin/../lib/gcc/nios2-elf/4.1.2\libgcc.a(_mul_df.o)
                              obj/app/app.o (__muldf3)
c:/altera/11.0/nios2eds/bin/gnu/h-i686-mingw32/bin/../lib/gcc/nios2-elf/4.1.2\libgcc.a(_div_df.o)
                              c:/altera/11.0/nios2eds/bin/gnu/h-i686-mingw32/bin/../lib/gcc/nios2-elf/4.1.2/../../../../nios2-elf/lib\libm.a(lib_a-w_sqrt.o) (__divdf3)
c:/altera/11.0/nios2eds/bin/gnu/h-i686-mingw32/bin/../lib/gcc/nios2-elf/4.1.2\libgcc.a(_lt_df.o)
                              c:/altera/11.0/nios2eds/bin/gnu/h-i686-mingw32/bin/../lib/gcc/nios2-elf/4.1.2/../../../../nios2-elf/lib\libm.a(lib_a-w_sqrt.o) (__ltdf2)
c:/altera/11.0/nios2eds/bin/gnu/h-i686-mingw32/bin/../lib/gcc/nios2-elf/4.1.2\libgcc.a(_df_to_si.o)
                              obj/app/app.o (__fixdfsi)
c:/altera/11.0/nios2eds/bin/gnu/h-i686-mingw32/bin/../lib/gcc/nios2-elf/4.1.2\libgcc.a(_make_df.o)
                              c:/altera/11.0/nios2eds/bin/gnu/h-i686-mingw32/bin/../lib/gcc/nios2-elf/4.1.2\libgcc.a(_sf_to_df.o) (__make_dp)
[...]
Memory Configuration

Name             Origin             Length             Attributes
sdram_0_BEFORE_EXCEPTION 0x02000000         0x00000020
sdram_0          0x02000020         0x01ffffe0
cfi_flash_0      0x04040000         0x00040000
reset            0x04081800         0x00000020
epcs_flash_controller_0 0x04081820         0x000007e0
*default*        0x00000000         0xffffffff

Linker script and memory map

LOAD ../FourRotorAircraft_bsp//obj/HAL/src/crt0.o
LOAD obj/app/app.o
LOAD obj/controller/controller.o
LOAD obj/fbm320/fbm320.o
LOAD obj/i2c/i2c_opencores.o
LOAD obj/jy901/jy901.o
LOAD obj/main.o
LOAD obj/pwm/pwm.o
LOAD obj/timer/timer.o
LOAD obj/us100/us100.o
LOAD c:/altera/11.0/nios2eds/bin/gnu/h-i686-mingw32/bin/../lib/gcc/nios2-elf/4.1.2/../../../../nios2-elf/lib\libstdc++.a
LOAD c:/altera/11.0/nios2eds/bin/gnu/h-i686-mingw32/bin/../lib/gcc/nios2-elf/4.1.2/../../../../nios2-elf/lib\libm.a
LOAD c:/altera/11.0/nios2eds/bin/gnu/h-i686-mingw32/bin/../lib/gcc/nios2-elf/4.1.2\libgcc.a
START GROUP
LOAD c:/altera/11.0/nios2eds/bin/gnu/h-i686-mingw32/bin/../lib/gcc/nios2-elf/4.1.2/../../../../nios2-elf/lib\libc.a
LOAD c:/altera/11.0/nios2eds/bin/gnu/h-i686-mingw32/bin/../lib/gcc/nios2-elf/4.1.2\libgcc.a
LOAD ../FourRotorAircraft_bsp/\libhal_bsp.a
END GROUP
LOAD c:/altera/11.0/nios2eds/bin/gnu/h-i686-mingw32/bin/../lib/gcc/nios2-elf/4.1.2\libgcc.a
                0x02000000                __alt_mem_sdram_0 = 0x2000000
                0x04040000                __alt_mem_cfi_flash_0 = 0x4040000
                0x04081800                __alt_mem_epcs_flash_controller_0 = 0x4081800

.entry          0x04081800        0x0
 *(.entry)
 .entry         0x04081800        0x0 ../FourRotorAircraft_bsp//obj/HAL/src/crt0.o
                0x04081800                __reset

.exceptions     0x02000020      0x194
                0x02000020                PROVIDE (__ram_exceptions_start, ABSOLUTE (.))
                0x02000020                . = ALIGN (0x20)
 *(.irq)
 *(.exceptions.entry.label)
 .exceptions.entry.label
                0x02000020        0x0 ../FourRotorAircraft_bsp/\libhal_bsp.a(alt_irq_entry.o)
                0x02000020                alt_irq_entry
 .exceptions.entry.label
                0x02000020        0x0 ../FourRotorAircraft_bsp/\libhal_bsp.a(alt_exception_entry.o)
                0x02000020                alt_exception
 *(.exceptions.entry.user)
 *(.exceptions.entry)
 .exceptions.entry
                0x02000020       0x54 ../FourRotorAircraft_bsp/\libhal_bsp.a(alt_exception_entry.o)
 *(.exceptions.irqtest.user)
 *(.exceptions.irqtest)
 .exceptions.irqtest
                0x02000074       0x10 ../FourRotorAircraft_bsp/\libhal_bsp.a(alt_irq_entry.o)
 *(.exceptions.irqhandler.user)
 *(.exceptions.irqhandler)
 .exceptions.irqhandler
                0x02000084        0x4 ../FourRotorAircraft_bsp/\libhal_bsp.a(alt_irq_entry.o)
 *(.exceptions.irqreturn.user)
 *(.exceptions.irqreturn)
 .exceptions.irqreturn
                0x02000088        0x4 ../FourRotorAircraft_bsp/\libhal_bsp.a(alt_irq_entry.o)
 *(.exceptions.notirq.label)
 .exceptions.notirq.label
                0x0200008c        0x0 ../FourRotorAircraft_bsp/\libhal_bsp.a(alt_irq_entry.o)
 *(.exceptions.notirq.user)
 *(.exceptions.notirq)
 .exceptions.notirq
                0x0200008c        0x8 ../FourRotorAircraft_bsp/\libhal_bsp.a(alt_exception_entry.o)
 *(.exceptions.soft.user)
 *(.exceptions.soft)
 *(.exceptions.unknown.user)
 *(.exceptions.unknown)
 .exceptions.unknown
                0x02000094        0x4 ../FourRotorAircraft_bsp/\libhal_bsp.a(alt_exception_entry.o)
 *(.exceptions.exit.label)
 .exceptions.exit.label
                0x02000098        0x0 ../FourRotorAircraft_bsp/\libhal_bsp.a(alt_irq_entry.o)
 .exceptions.exit.label
                0x02000098        0x0 ../FourRotorAircraft_bsp/\libhal_bsp.a(alt_exception_entry.o)
 *(.exceptions.exit.user)
 *(.exceptions.exit)
 .exceptions.exit
                0x02000098       0x54 ../FourRotorAircraft_bsp/\libhal_bsp.a(alt_exception_entry.o)
 *(.exceptions)
 .exceptions    0x020000ec       0xc8 ../FourRotorAircraft_bsp/\libhal_bsp.a(alt_irq_handler.o)
                0x020000ec                alt_irq_handler
                0x020001b4                PROVIDE (__ram_exceptions_end, ABSOLUTE (.))
                0x02000020                PROVIDE (__flash_exceptions_start, LOADADDR (.exceptions))

.text           0x020001b4    0x135e8
                0x020001b4                PROVIDE (stext, ABSOLUTE (.))
 *(.interp)
 *(.hash)
 *(.dynsym)
 *(.dynstr)
 *(.gnu.version)
 *(.gnu.version_d)
 *(.gnu.version_r)
 *(.rel.init)
 *(.rela.init)
 *(.rel.text .rel.text.* .rel.gnu.linkonce.t.*)
 *(.rela.text .rela.text.* .rela.gnu.linkonce.t.*)
 *(.rel.fini)
 *(.rela.fini)
 *(.rel.rodata .rel.rodata.* .rel.gnu.linkonce.r.*)
 *(.rela.rodata .rela.rodata.* .rela.gnu.linkonce.r.*)
 *(.rel.data .rel.data.* .rel.gnu.linkonce.d.*)
 *(.rela.data .rela.data.* .rela.gnu.linkonce.d.*)
 *(.rel.tdata .rel.tdata.* .rel.gnu.linkonce.td.*)
 *(.rela.tdata .rela.tdata.* .rela.gnu.linkonce.td.*)
 *(.rel.tbss .rel.tbss.* .rel.gnu.linkonce.tb.*)
 *(.rela.tbss .rela.tbss.* .rela.gnu.linkonce.tb.*)
 *(.rel.ctors)
 *(.rela.ctors)
 *(.rel.dtors)
 *(.rela.dtors)
 *(.rel.got)
 *(.rela.got)
 *(.rel.sdata .rel.sdata.* .rel.gnu.linkonce.s.*)
 *(.rela.sdata .rela.sdata.* .rela.gnu.linkonce.s.*)
 *(.rel.sbss .rel.sbss.* .rel.gnu.linkonce.sb.*)
 *(.rela.sbss .rela.sbss.* .rela.gnu.linkonce.sb.*)
 *(.rel.sdata2 .rel.sdata2.* .rel.gnu.linkonce.s2.*)
 *(.rela.sdata2 .rela.sdata2.* .rela.gnu.linkonce.s2.*)
 *(.rel.sbss2 .rel.sbss2.* .rel.gnu.linkonce.sb2.*)
 *(.rela.sbss2 .rela.sbss2.* .rela.gnu.linkonce.sb2.*)
 *(.rel.bss .rel.bss.* .rel.gnu.linkonce.b.*)
 *(.rela.bss .rela.bss.* .rela.gnu.linkonce.b.*)
 *(.rel.plt)
 *(.rela.plt)
 *(.rel.dyn)
 *(.init)
 *(.plt)
 *(.text .stub .text.* .gnu.linkonce.t.*)
 .text          0x020001b4       0x48 ../FourRotorAircraft_bsp//obj/HAL/src/crt0.o
                0x020001b4                _start
 .text          0x020001fc      0xa50 obj/app/app.o
                0x020001fc                bspInit
                0x02000238                MotorControl
 .text          0x02000c4c      0x6d0 obj/controller/controller.o
                0x02000c4c                PIDInit
                0x02000d14                RollCalc
                0x02000edc                PitchCalc
                0x020010a4                YawCalc
                0x02001200                HeightCalc
 .text          0x0200131c      0x104 obj/fbm320/fbm320.o
                0x0200131c                Read_FBM320
                0x020013dc                fbm320Init
 .text          0x02001420      0x28c obj/i2c/i2c_opencores.o
                0x02001420                I2C_init
                0x020014cc                I2C_start
                0x02001578                I2C_read
                0x020015f8                I2C_write
 .text          0x020016ac      0x234 obj/jy901/jy901.o
                0x020016ac                write_JY901
                0x02001708                read_JY901
                0x020017cc                JY901Init
 .text          0x020018e0       0x58 obj/main.o
                0x020018e0                main
 .text          0x02001938      0x318 obj/pwm/pwm.o
                0x02001938                moto_setting
                0x02001b84                moto_init
 .text          0x02001c50       0xe0 obj/timer/timer.o
                0x02001c50                isr_timer0
                0x02001cb8                TimerInit
 .text          0x02001d30      0x318 obj/us100/us100.o
                0x02001d30                GetHeight
                0x02001d5c                Uart_232_set_baudrate
                0x02001e10                Uart_232_send
                0x02001e7c                Uart_232_send_n
                0x02001ee0                Uart_232_receive
                0x02001f44                Uart_232_ISR
                0x02001fe0                Uart_232_initial
 .text          0x02002048      0x130 c:/altera/11.0/nios2eds/bin/gnu/h-i686-mingw32/bin/../lib/gcc/nios2-elf/4.1.2/../../../../nios2-elf/lib\libm.a(lib_a-w_sqrt.o)
                0x02002048                sqrt
 .text          0x02002178      0x2c8 c:/altera/11.0/nios2eds/bin/gnu/h-i686-mingw32/bin/../lib/gcc/nios2-elf/4.1.2/../../../../nios2-elf/lib\libm.a(lib_a-e_sqrt.o)
                0x02002178                __ieee754_sqrt
 .text          0x02002440       0x30 c:/altera/11.0/nios2eds/bin/gnu/h-i686-mingw32/bin/../lib/gcc/nios2-elf/4.1.2/../../../../nios2-elf/lib\libm.a(lib_a-s_isnand.o)
                0x02002440                __isnand
 .text          0x02002470        0x0 c:/altera/11.0/nios2eds/bin/gnu/h-i686-mingw32/bin/../lib/gcc/nios2-elf/4.1.2/../../../../nios2-elf/lib\libm.a(lib_a-s_lib_ver.o)
 .text          0x02002470        0x8 c:/altera/11.0/nios2eds/bin/gnu/h-i686-mingw32/bin/../lib/gcc/nios2-elf/4.1.2/../../../../nios2-elf/lib\libm.a(lib_a-s_matherr.o)
                0x02002470                matherr
 .text          0x02002478       0xbc c:/altera/11.0/nios2eds/bin/gnu/h-i686-mingw32/bin/../lib/gcc/nios2-elf/4.1.2\libgcc.a(_fixunsdfdi.o)
                0x02002478                __fixunsdfdi
 .text          0x02002534       0x88 c:/altera/11.0/nios2eds/bin/gnu/h-i686-mingw32/bin/../lib/gcc/nios2-elf/4.1.2\libgcc.a(_floatundidf.o)
                0x02002534                __floatundidf
 .text          0x020025bc      0x5dc c:/altera/11.0/nios2eds/bin/gnu/h-i686-mingw32/bin/../lib/gcc/nios2-elf/4.1.2\libgcc.a(_udivdi3.o)
                0x020025bc                __udivdi3
 .text          0x02002b98      0x2b8 c:/altera/11.0/nios2eds/bin/gnu/h-i686-mingw32/bin/../lib/gcc/nios2-elf/4.1.2\libgcc.a(_addsub_sf.o)
                0x02002d7c                __subsf3
                0x02002dec                __addsf3
 .text          0x02002e50      0x1e0 c:/altera/11.0/nios2eds/bin/gnu/h-i686-mingw32/bin/../lib/gcc/nios2-elf/4.1.2\libgcc.a(_mul_sf.o)
                0x02002e50                __mulsf3
 .text          0x02003030      0x174 c:/altera/11.0/nios2eds/bin/gnu/h-i686-mingw32/bin/../lib/gcc/nios2-elf/4.1.2\libgcc.a(_div_sf.o)
                0x02003030                __divsf3
 .text          0x020031a4       0x78 c:/altera/11.0/nios2eds/bin/gnu/h-i686-mingw32/bin/../lib/gcc/nios2-elf/4.1.2\libgcc.a(_gt_sf.o)
                0x020031a4                __gtsf2
 .text          0x0200321c       0x78 c:/altera/11.0/nios2eds/bin/gnu/h-i686-mingw32/bin/../lib/gcc/nios2-elf/4.1.2\libgcc.a(_lt_sf.o)
                0x0200321c                __ltsf2
 .text          0x02003294       0x98 c:/altera/11.0/nios2eds/bin/gnu/h-i686-mingw32/bin/../lib/gcc/nios2-elf/4.1.2\libgcc.a(_si_to_sf.o)
                0x02003294                __floatsisf
 .text          0x0200332c       0x94 c:/altera/11.0/nios2eds/bin/gnu/h-i686-mingw32/bin/../lib/gcc/nios2-elf/4.1.2\libgcc.a(_sf_to_si.o)
                0x0200332c                __fixsfsi
 .text          0x020033c0       0x54 c:/altera/11.0/nios2eds/bin/gnu/h-i686-mingw32/bin/../lib/gcc/nios2-elf/4.1.2\libgcc.a(_sf_to_df.o)
                0x020033c0                __extendsfdf2
 .text          0x02003414        0x0 c:/altera/11.0/nios2eds/bin/gnu/h-i686-mingw32/bin/../lib/gcc/nios2-elf/4.1.2\libgcc.a(_thenan_sf.o)
 .text          0x02003414       0xc0 c:/altera/11.0/nios2eds/bin/gnu/h-i686-mingw32/bin/../lib/gcc/nios2-elf/4.1.2\libgcc.a(_usi_to_sf.o)
                0x02003414                __floatunsisf
 .text          0x020034d4      0x504 c:/altera/11.0/nios2eds/bin/gnu/h-i686-mingw32/bin/../lib/gcc/nios2-elf/4.1.2\libgcc.a(_addsub_df.o)
                0x020038e4                __subdf3
                0x02003964                __adddf3
 .text          0x020039d8      0x3c4 c:/altera/11.0/nios2eds/bin/gnu/h-i686-mingw32/bin/../lib/gcc/nios2-elf/4.1.2\libgcc.a(_mul_df.o)
                0x020039d8                __muldf3
 .text          0x02003d9c      0x258 c:/altera/11.0/nios2eds/bin/gnu/h-i686-mingw32/bin/../lib/gcc/nios2-elf/4.1.2\libgcc.a(_div_df.o)
                0x02003d9c                __divdf3
 .text          0x02003ff4       0x88 c:/altera/11.0/nios2eds/bin/gnu/h-i686-mingw32/bin/../lib/gcc/nios2-elf/4.1.2\libgcc.a(_lt_df.o)
                0x02003ff4                __ltdf2
 .text          0x0200407c       0xd8 c:/altera/11.0/nios2eds/bin/gnu/h-i686-mingw32/bin/../lib/gcc/nios2-elf/4.1.2\libgcc.a(_df_to_si.o)
                0x0200407c                __fixdfsi
 .text          0x02004154       0x38 c:/altera/11.0/nios2eds/bin/gnu/h-i686-mingw32/bin/../lib/gcc/nios2-elf/4.1.2\libgcc.a(_make_df.o)
                0x02004154                __make_dp
 .text          0x0200418c       0x74 c:/altera/11.0/nios2eds/bin/gnu/h-i686-mingw32/bin/../lib/gcc/nios2-elf/4.1.2\libgcc.a(_df_to_sf.o)
                0x0200418c                __truncdfsf2
 .text          0x02004200        0x0 c:/altera/11.0/nios2eds/bin/gnu/h-i686-mingw32/bin/../lib/gcc/nios2-elf/4.1.2\libgcc.a(_thenan_df.o)
 .text          0x02004200      0x194 c:/altera/11.0/nios2eds/bin/gnu/h-i686-mingw32/bin/../lib/gcc/nios2-elf/4.1.2\libgcc.a(_usi_to_df.o)
                0x02004200                __floatunsidf
 .text          0x02004394      0x14c c:/altera/11.0/nios2eds/bin/gnu/h-i686-mingw32/bin/../lib/gcc/nios2-elf/4.1.2\libgcc.a(lib2-divmod.o)
                0x02004410                __divsi3
                0x02004470                __modsi3
                0x020044d0                __udivsi3
                0x020044d8                __umodsi3
 .text          0x020044e0       0x98 c:/altera/11.0/nios2eds/bin/gnu/h-i686-mingw32/bin/../lib/gcc/nios2-elf/4.1.2\libgcc.a(_muldi3.o)
                0x020044e0                __muldi3
 .text          0x02004578        0x0 c:/altera/11.0/nios2eds/bin/gnu/h-i686-mingw32/bin/../lib/gcc/nios2-elf/4.1.2\libgcc.a(_clz.o)
 .text          0x02004578       0x80 c:/altera/11.0/nios2eds/bin/gnu/h-i686-mingw32/bin/../lib/gcc/nios2-elf/4.1.2\libgcc.a(_clzsi2.o)
                0x02004578                __clzsi2
 .text          0x020045f8       0xa4 c:/altera/11.0/nios2eds/bin/gnu/h-i686-mingw32/bin/../lib/gcc/nios2-elf/4.1.2\libgcc.a(_fixunsdfsi.o)
                0x020045f8                __fixunsdfsi
 .text          0x0200469c      0x160 c:/altera/11.0/nios2eds/bin/gnu/h-i686-mingw32/bin/../lib/gcc/nios2-elf/4.1.2\libgcc.a(_pack_sf.o)
                0x0200469c                __pack_f
 .text          0x020047fc       0xc8 c:/altera/11.0/nios2eds/bin/gnu/h-i686-mingw32/bin/../lib/gcc/nios2-elf/4.1.2\libgcc.a(_unpack_sf.o)
                0x020047fc                __unpack_f
 .text          0x020048c4       0xa8 c:/altera/11.0/nios2eds/bin/gnu/h-i686-mingw32/bin/../lib/gcc/nios2-elf/4.1.2\libgcc.a(_fpcmp_parts_sf.o)
                0x020048c4                __fpcmp_parts_f
 .text          0x0200496c       0x2c c:/altera/11.0/nios2eds/bin/gnu/h-i686-mingw32/bin/../lib/gcc/nios2-elf/4.1.2\libgcc.a(_make_sf.o)
                0x0200496c                __make_fp
 .text          0x02004998      0x314 c:/altera/11.0/nios2eds/bin/gnu/h-i686-mingw32/bin/../lib/gcc/nios2-elf/4.1.2\libgcc.a(_pack_df.o)
                0x02004998                __pack_d
 .text          0x02004cac      0x138 c:/altera/11.0/nios2eds/bin/gnu/h-i686-mingw32/bin/../lib/gcc/nios2-elf/4.1.2\libgcc.a(_unpack_df.o)
                0x02004cac                __unpack_d
 .text          0x02004de4       0xc8 c:/altera/11.0/nios2eds/bin/gnu/h-i686-mingw32/bin/../lib/gcc/nios2-elf/4.1.2\libgcc.a(_fpcmp_parts_df.o)
                0x02004de4                __fpcmp_parts_d
 .text          0x02004eac       0x88 c:/altera/11.0/nios2eds/bin/gnu/h-i686-mingw32/bin/../lib/gcc/nios2-elf/4.1.2\libgcc.a(_ge_df.o)
                0x02004eac                __gedf2
 .text          0x02004f34       0x10 c:/altera/11.0/nios2eds/bin/gnu/h-i686-mingw32/bin/../lib/gcc/nios2-elf/4.1.2/../../../../nios2-elf/lib\libc.a(lib_a-errno.o)
                0x02004f34                __errno
 .text          0x02004f44        0x0 c:/altera/11.0/nios2eds/bin/gnu/h-i686-mingw32/bin/../lib/gcc/nios2-elf/4.1.2/../../../../nios2-elf/lib\libc.a(lib_a-impure.o)
 .text          0x02004f44       0x78 c:/altera/11.0/nios2eds/bin/gnu/h-i686-mingw32/bin/../lib/gcc/nios2-elf/4.1.2/../../../../nios2-elf/lib\libc.a(lib_a-printf.o)
                0x02004f44                printf
                0x02004f88                _printf_r
 .text          0x02004fbc       0xb4 c:/altera/11.0/nios2eds/bin/gnu/h-i686-mingw32/bin/../lib/gcc/nios2-elf/4.1.2/../../../../nios2-elf/lib\libc.a(lib_a-puts.o)
                0x02004fbc                _puts_r
                0x0200505c                puts
 .text          0x02005070       0x74 c:/altera/11.0/nios2eds/bin/gnu/h-i686-mingw32/bin/../lib/gcc/nios2-elf/4.1.2/../../../../nios2-elf/lib\libc.a(lib_a-strlen.o)
                0x02005070                strlen
 .text          0x020050e4     0x1f28 c:/altera/11.0/nios2eds/bin/gnu/h-i686-mingw32/bin/../lib/gcc/nios2-elf/4.1.2/../../../../nios2-elf/lib\libc.a(lib_a-vfprintf.o)
                0x0200513c                ___vfprintf_internal_r
                0x02006fe8                __vfprintf_internal
 .text          0x0200700c      0x13c c:/altera/11.0/nios2eds/bin/gnu/h-i686-mingw32/bin/../lib/gcc/nios2-elf/4.1.2/../../../../nios2-elf/lib\libc.a(lib_a-wsetup.o)
                0x0200700c                __swsetup_r
 .text          0x02007148     0x17cc c:/altera/11.0/nios2eds/bin/gnu/h-i686-mingw32/bin/../lib/gcc/nios2-elf/4.1.2/../../../../nios2-elf/lib\libc.a(lib_a-dtoa.o)
                0x02007360                _dtoa_r
 .text          0x02008914      0x230 c:/altera/11.0/nios2eds/bin/gnu/h-i686-mingw32/bin/../lib/gcc/nios2-elf/4.1.2/../../../../nios2-elf/lib\libc.a(lib_a-fflush.o)
                0x02008914                _fflush_r
                0x02008b10                fflush
 .text          0x02008b44      0x2c0 c:/altera/11.0/nios2eds/bin/gnu/h-i686-mingw32/bin/../lib/gcc/nios2-elf/4.1.2/../../../../nios2-elf/lib\libc.a(lib_a-findfp.o)
                0x02008b9c                __sfp_lock_acquire
                0x02008ba0                __sfp_lock_release
                0x02008ba4                __sinit_lock_acquire
                0x02008ba8                __sinit_lock_release
                0x02008bac                __sinit
                0x02008c60                __fp_unlock_all
                0x02008c78                __fp_lock_all
                0x02008c90                _cleanup_r
                0x02008c9c                _cleanup
                0x02008cac                __sfmoreglue
                0x02008d14                __sfp
 .text          0x02008e04      0x440 c:/altera/11.0/nios2eds/bin/gnu/h-i686-mingw32/bin/../lib/gcc/nios2-elf/4.1.2/../../../../nios2-elf/lib\libc.a(lib_a-freer.o)
                0x02008e04                _malloc_trim_r
                0x02008f30                _free_r
 .text          0x02009244      0x49c c:/altera/11.0/nios2eds/bin/gnu/h-i686-mingw32/bin/../lib/gcc/nios2-elf/4.1.2/../../../../nios2-elf/lib\libc.a(lib_a-fvwrite.o)
                0x02009244                __sfvwrite_r
 .text          0x020096e0      0x180 c:/altera/11.0/nios2eds/bin/gnu/h-i686-mingw32/bin/../lib/gcc/nios2-elf/4.1.2/../../../../nios2-elf/lib\libc.a(lib_a-fwalk.o)
                0x020096e0                _fwalk_reent
                0x020097a8                _fwalk
 .text          0x02009860       0xc4 c:/altera/11.0/nios2eds/bin/gnu/h-i686-mingw32/bin/../lib/gcc/nios2-elf/4.1.2/../../../../nios2-elf/lib\libc.a(lib_a-locale.o)
                0x02009860                __locale_charset
                0x02009868                _localeconv_r
                0x02009874                localeconv
                0x02009884                _setlocale_r
                0x02009908                setlocale
 .text          0x02009924      0x194 c:/altera/11.0/nios2eds/bin/gnu/h-i686-mingw32/bin/../lib/gcc/nios2-elf/4.1.2/../../../../nios2-elf/lib\libc.a(lib_a-makebuf.o)
                0x02009924                __smakebuf_r
 .text          0x02009ab8      0x740 c:/altera/11.0/nios2eds/bin/gnu/h-i686-mingw32/bin/../lib/gcc/nios2-elf/4.1.2/../../../../nios2-elf/lib\libc.a(lib_a-mallocr.o)
                0x02009ab8                _malloc_r
 .text          0x0200a1f8       0xe4 c:/altera/11.0/nios2eds/bin/gnu/h-i686-mingw32/bin/../lib/gcc/nios2-elf/4.1.2/../../../../nios2-elf/lib\libc.a(lib_a-memchr.o)
                0x0200a1f8                memchr
 .text          0x0200a2dc       0xa0 c:/altera/11.0/nios2eds/bin/gnu/h-i686-mingw32/bin/../lib/gcc/nios2-elf/4.1.2/../../../../nios2-elf/lib\libc.a(lib_a-memcpy.o)
                0x0200a2dc                memcpy
 .text          0x0200a37c       0xe0 c:/altera/11.0/nios2eds/bin/gnu/h-i686-mingw32/bin/../lib/gcc/nios2-elf/4.1.2/../../../../nios2-elf/lib\libc.a(lib_a-memmove.o)
                0x0200a37c                memmove
 .text          0x0200a45c       0x98 c:/altera/11.0/nios2eds/bin/gnu/h-i686-mingw32/bin/../lib/gcc/nios2-elf/4.1.2/../../../../nios2-elf/lib\libc.a(lib_a-memset.o)
                0x0200a45c                memset
 .text          0x0200a4f4      0xff4 c:/altera/11.0/nios2eds/bin/gnu/h-i686-mingw32/bin/../lib/gcc/nios2-elf/4.1.2/../../../../nios2-elf/lib\libc.a(lib_a-mprec.o)
                0x0200a4f4                _Bfree
                0x0200a51c                __hi0bits
                0x0200a58c                __lo0bits
                0x0200a650                __mcmp
                0x0200a6b0                __ulp
                0x0200a730                __b2d
                0x0200a850                __ratio
                0x0200a900                _mprec_log10
                0x0200a994                __copybits
                0x0200a9ec                __any_on
                0x0200aa74                _Balloc
                0x0200ab30                __d2b
                0x0200acac                __mdiff
                0x0200ae38                __lshift
                0x0200af84                __multiply
                0x0200b16c                __i2b
                0x0200b1a8                __multadd
                0x0200b2a8                __pow5mult
                0x0200b3c8                __s2b
 .text          0x0200b4e8      0x5f4 c:/altera/11.0/nios2eds/bin/gnu/h-i686-mingw32/bin/../lib/gcc/nios2-elf/4.1.2/../../../../nios2-elf/lib\libc.a(lib_a-reallocr.o)
                0x0200b4e8                _realloc_r
 .text          0x0200badc       0x40 c:/altera/11.0/nios2eds/bin/gnu/h-i686-mingw32/bin/../lib/gcc/nios2-elf/4.1.2/../../../../nios2-elf/lib\libc.a(lib_a-s_isinfd.o)
                0x0200badc                __isinfd
 .text          0x0200bb1c       0x70 c:/altera/11.0/nios2eds/bin/gnu/h-i686-mingw32/bin/../lib/gcc/nios2-elf/4.1.2/../../../../nios2-elf/lib\libc.a(lib_a-sbrkr.o)
                0x0200bb1c                _sbrk_r
 .text          0x0200bb8c      0x14c c:/altera/11.0/nios2eds/bin/gnu/h-i686-mingw32/bin/../lib/gcc/nios2-elf/4.1.2/../../../../nios2-elf/lib\libc.a(lib_a-stdio.o)
                0x0200bb8c                __sclose
                0x0200bb94                __sseek
                0x0200bbfc                __swrite
                0x0200bc78                __sread
 .text          0x0200bcd8       0xbc c:/altera/11.0/nios2eds/bin/gnu/h-i686-mingw32/bin/../lib/gcc/nios2-elf/4.1.2/../../../../nios2-elf/lib\libc.a(lib_a-strcmp.o)
                0x0200bcd8                strcmp
 .text          0x0200bd94       0x78 c:/altera/11.0/nios2eds/bin/gnu/h-i686-mingw32/bin/../lib/gcc/nios2-elf/4.1.2/../../../../nios2-elf/lib\libc.a(lib_a-writer.o)
                0x0200bd94                _write_r
 .text          0x0200be0c       0xb4 c:/altera/11.0/nios2eds/bin/gnu/h-i686-mingw32/bin/../lib/gcc/nios2-elf/4.1.2/../../../../nios2-elf/lib\libc.a(lib_a-callocr.o)
                0x0200be0c                _calloc_r
 .text          0x0200bec0       0x70 c:/altera/11.0/nios2eds/bin/gnu/h-i686-mingw32/bin/../lib/gcc/nios2-elf/4.1.2/../../../../nios2-elf/lib\libc.a(lib_a-closer.o)
                0x0200bec0                _close_r
 .text          0x0200bf30      0x124 c:/altera/11.0/nios2eds/bin/gnu/h-i686-mingw32/bin/../lib/gcc/nios2-elf/4.1.2/../../../../nios2-elf/lib\libc.a(lib_a-fclose.o)
                0x0200bf30                _fclose_r
                0x0200c040                fclose
 .text          0x0200c054       0x74 c:/altera/11.0/nios2eds/bin/gnu/h-i686-mingw32/bin/../lib/gcc/nios2-elf/4.1.2/../../../../nios2-elf/lib\libc.a(lib_a-fstatr.o)
                0x0200c054                _fstat_r
 .text          0x0200c0c8        0x0 c:/altera/11.0/nios2eds/bin/gnu/h-i686-mingw32/bin/../lib/gcc/nios2-elf/4.1.2/../../../../nios2-elf/lib\libc.a(lib_a-int_errno.o)
 .text          0x0200c0c8       0x70 c:/altera/11.0/nios2eds/bin/gnu/h-i686-mingw32/bin/../lib/gcc/nios2-elf/4.1.2/../../../../nios2-elf/lib\libc.a(lib_a-isattyr.o)
                0x0200c0c8                _isatty_r
 .text          0x0200c138       0x78 c:/altera/11.0/nios2eds/bin/gnu/h-i686-mingw32/bin/../lib/gcc/nios2-elf/4.1.2/../../../../nios2-elf/lib\libc.a(lib_a-lseekr.o)
                0x0200c138                _lseek_r
 .text          0x0200c1b0       0x78 c:/altera/11.0/nios2eds/bin/gnu/h-i686-mingw32/bin/../lib/gcc/nios2-elf/4.1.2/../../../../nios2-elf/lib\libc.a(lib_a-readr.o)
                0x0200c1b0                _read_r
 .text          0x0200c228      0x5b0 c:/altera/11.0/nios2eds/bin/gnu/h-i686-mingw32/bin/../lib/gcc/nios2-elf/4.1.2\libgcc.a(_umoddi3.o)
                0x0200c228                __umoddi3
 .text          0x0200c7d8       0x88 c:/altera/11.0/nios2eds/bin/gnu/h-i686-mingw32/bin/../lib/gcc/nios2-elf/4.1.2\libgcc.a(_eq_df.o)
                0x0200c7d8                __eqdf2
 .text          0x0200c860       0x88 c:/altera/11.0/nios2eds/bin/gnu/h-i686-mingw32/bin/../lib/gcc/nios2-elf/4.1.2\libgcc.a(_ne_df.o)
                0x0200c860                __nedf2
 .text          0x0200c8e8       0x88 c:/altera/11.0/nios2eds/bin/gnu/h-i686-mingw32/bin/../lib/gcc/nios2-elf/4.1.2\libgcc.a(_gt_df.o)
                0x0200c8e8                __gtdf2
 .text          0x0200c970       0xf8 c:/altera/11.0/nios2eds/bin/gnu/h-i686-mingw32/bin/../lib/gcc/nios2-elf/4.1.2\libgcc.a(_si_to_df.o)
                0x0200c970                __floatsidf
 .text          0x0200ca68      0x15c ../FourRotorAircraft_bsp/\libhal_bsp.a(alt_close.o)
                0x0200ca68                close
 .text          0x0200cbc4       0x2c ../FourRotorAircraft_bsp/\libhal_bsp.a(alt_dev.o)
 .text          0x0200cbf0        0x0 ../FourRotorAircraft_bsp/\libhal_bsp.a(alt_errno.o)
 .text          0x0200cbf0      0x134 ../FourRotorAircraft_bsp/\libhal_bsp.a(alt_fstat.o)
                0x0200cbf0                fstat
 .text          0x0200cd24      0x1d4 ../FourRotorAircraft_bsp/\libhal_bsp.a(alt_iic.o)
                0x0200cd24                alt_ic_isr_register
                0x0200cd74                alt_ic_irq_enable
                0x0200ce10                alt_ic_irq_disable
                0x0200ceb0                alt_ic_irq_enabled
 .text          0x0200cef8       0xf8 ../FourRotorAircraft_bsp/\libhal_bsp.a(alt_iic_isr_register.o)
                0x0200cef8                alt_iic_isr_register
 .text          0x0200cff0        0x0 ../FourRotorAircraft_bsp/\libhal_bsp.a(alt_irq_entry.o)
 .text          0x0200cff0        0x0 ../FourRotorAircraft_bsp/\libhal_bsp.a(alt_irq_handler.o)
 .text          0x0200cff0      0x1c0 ../FourRotorAircraft_bsp/\libhal_bsp.a(alt_irq_register.o)
                0x0200cff0                alt_irq_register
 .text          0x0200d1b0        0x0 ../FourRotorAircraft_bsp/\libhal_bsp.a(alt_irq_vars.o)
 .text          0x0200d1b0      0x120 ../FourRotorAircraft_bsp/\libhal_bsp.a(alt_isatty.o)
                0x0200d1b0                isatty
 .text          0x0200d2d0      0x150 ../FourRotorAircraft_bsp/\libhal_bsp.a(alt_lseek.o)
                0x0200d2d0                lseek
 .text          0x0200d420       0x6c ../FourRotorAircraft_bsp/\libhal_bsp.a(alt_main.o)
                0x0200d420                alt_main
 .text          0x0200d48c       0x40 ../FourRotorAircraft_bsp/\libhal_bsp.a(alt_malloc_lock.o)
                0x0200d48c                __malloc_lock
                0x0200d4ac                __malloc_unlock
 .text          0x0200d4cc      0x180 ../FourRotorAircraft_bsp/\libhal_bsp.a(alt_read.o)
                0x0200d4cc                read
 .text          0x0200d64c       0x60 ../FourRotorAircraft_bsp/\libhal_bsp.a(alt_release_fd.o)
                0x0200d64c                alt_release_fd
 .text          0x0200d6ac       0xbc ../FourRotorAircraft_bsp/\libhal_bsp.a(alt_sbrk.o)
                0x0200d6ac                sbrk
 .text          0x0200d768       0x30 ../FourRotorAircraft_bsp/\libhal_bsp.a(alt_usleep.o)
                0x0200d768                usleep
 .text          0x0200d798      0x180 ../FourRotorAircraft_bsp/\libhal_bsp.a(alt_write.o)
                0x0200d798                write
 .text          0x0200d918      0x120 ../FourRotorAircraft_bsp/\libhal_bsp.a(alt_sys_init.o)
                0x0200d918                alt_irq_init
                0x0200d94c                alt_sys_init
 .text          0x0200da38      0x8c8 ../FourRotorAircraft_bsp/\libhal_bsp.a(altera_avalon_cfi_flash.o)
                0x0200da38                alt_flash_cfi_init
                0x0200db0c                alt_flash_cfi_write
                0x0200ddcc                alt_flash_cfi_get_info
                0x0200de5c                alt_flash_cfi_read
                0x0200dec4                alt_write_value_to_flash
                0x0200e028                alt_flash_program_block
 .text          0x0200e300     0x1448 ../FourRotorAircraft_bsp/\libhal_bsp.a(altera_avalon_cfi_flash_table.o)
                0x0200e300                alt_read_query_entry_8bit
                0x0200e340                alt_read_query_entry_16bit
                0x0200e384                alt_read_query_entry_32bit
                0x0200e3cc                alt_write_flash_command_8bit_device_8bit_mode
                0x0200e408                alt_write_flash_command_16bit_device_8bit_mode
                0x0200e484                alt_write_flash_command_32bit_device_8bit_mode
                0x0200e4cc                alt_write_flash_command_16bit_device_16bit_mode
                0x0200e510                alt_write_flash_command_32bit_device_16bit_mode
                0x0200e558                alt_write_flash_command_32bit_device_32bit_mode
                0x0200e5a0                alt_write_native_8bit
                0x0200e5d4                alt_write_native_16bit
                0x0200e608                alt_write_native_32bit
                0x0200e638                alt_set_flash_width_func
                0x0200e818                alt_set_flash_algorithm_func
                0x0200e940                alt_read_cfi_table
                0x0200eec0                alt_read_cfi_width
                0x0200f66c                alt_check_primary_table
 .text          0x0200f748      0x934 ../FourRotorAircraft_bsp/\libhal_bsp.a(altera_avalon_epcs_flash_controller.o)
                0x0200f748                alt_epcs_flash_init
                0x0200fac8                alt_epcs_flash_write
                0x0200fd48                alt_epcs_flash_get_info
                0x0200fdd8                alt_epcs_flash_erase_block
                0x0200fee0                alt_epcs_flash_write_block
                0x0200fff0                alt_epcs_flash_read
 .text          0x0201007c      0x148 ../FourRotorAircraft_bsp/\libhal_bsp.a(altera_avalon_jtag_uart_fd.o)
                0x0201007c                altera_avalon_jtag_uart_read_fd
                0x020100d4                altera_avalon_jtag_uart_write_fd
                0x0201012c                altera_avalon_jtag_uart_close_fd
                0x02010174                altera_avalon_jtag_uart_ioctl_fd
 .text          0x020101c4      0x40c ../FourRotorAircraft_bsp/\libhal_bsp.a(altera_avalon_jtag_uart_init.o)
                0x020101c4                altera_avalon_jtag_uart_init
                0x0201055c                altera_avalon_jtag_uart_close
 .text          0x020105d0       0xf4 ../FourRotorAircraft_bsp/\libhal_bsp.a(altera_avalon_jtag_uart_ioctl.o)
                0x020105d0                altera_avalon_jtag_uart_ioctl
 .text          0x020106c4      0x224 ../FourRotorAircraft_bsp/\libhal_bsp.a(altera_avalon_jtag_uart_read.o)
                0x020106c4                altera_avalon_jtag_uart_read
 .text          0x020108e8      0x240 ../FourRotorAircraft_bsp/\libhal_bsp.a(altera_avalon_jtag_uart_write.o)
                0x020108e8                altera_avalon_jtag_uart_write
 .text          0x02010b28      0x100 ../FourRotorAircraft_bsp/\libhal_bsp.a(altera_avalon_timer_sc.o)
                0x02010b98                alt_avalon_timer_sc_init
 .text          0x02010c28       0xf8 ../FourRotorAircraft_bsp/\libhal_bsp.a(altera_avalon_uart_fd.o)
                0x02010c28                altera_avalon_uart_read_fd
                0x02010c80                altera_avalon_uart_write_fd
                0x02010cd8                altera_avalon_uart_close_fd
 .text          0x02010d20      0x400 ../FourRotorAircraft_bsp/\libhal_bsp.a(altera_avalon_uart_init.o)
                0x02010d20                altera_avalon_uart_init
                0x020110c0                altera_avalon_uart_close
 .text          0x02011120      0x290 ../FourRotorAircraft_bsp/\libhal_bsp.a(altera_avalon_uart_read.o)
                0x02011120                altera_avalon_uart_read
 .text          0x020113b0      0x228 ../FourRotorAircraft_bsp/\libhal_bsp.a(altera_avalon_uart_write.o)
                0x020113b0                altera_avalon_uart_write
 .text          0x020115d8      0x460 ../FourRotorAircraft_bsp/\libhal_bsp.a(epcs_commands.o)
                0x020115d8                epcs_read_status_register
                0x02011638                epcs_sector_erase
                0x02011724                epcs_read_buffer
                0x020117d8                epcs_write_enable
                0x02011828                epcs_write_status_register
                0x0201188c                epcs_write_buffer
                0x02011964                epcs_read_electronic_signature
                0x020119d0                epcs_read_device_id
 .text          0x02011a38      0x154 ../FourRotorAircraft_bsp/\libhal_bsp.a(alt_alarm_start.o)
                0x02011a38                alt_alarm_start
 .text          0x02011b8c      0x14c ../FourRotorAircraft_bsp/\libhal_bsp.a(alt_busy_sleep.o)
                0x02011b8c                alt_busy_sleep
 .text          0x02011cd8       0x78 ../FourRotorAircraft_bsp/\libhal_bsp.a(alt_dcache_flush.o)
                0x02011cd8                alt_dcache_flush
 .text          0x02011d50      0x114 ../FourRotorAircraft_bsp/\libhal_bsp.a(alt_dev_llist_insert.o)
                0x02011d50                alt_dev_llist_insert
 .text          0x02011e64       0x64 ../FourRotorAircraft_bsp/\libhal_bsp.a(alt_do_ctors.o)
                0x02011e64                _do_ctors
 .text          0x02011ec8       0x64 ../FourRotorAircraft_bsp/\libhal_bsp.a(alt_do_dtors.o)
                0x02011ec8                _do_dtors
 .text          0x02011f2c        0x0 ../FourRotorAircraft_bsp/\libhal_bsp.a(alt_exception_entry.o)
 .text          0x02011f2c       0xd0 ../FourRotorAircraft_bsp/\libhal_bsp.a(alt_flash_dev.o)
                0x02011f2c                alt_flash_open_dev
                0x02011fa8                alt_flash_close_dev
 .text          0x02011ffc      0x13c ../FourRotorAircraft_bsp/\libhal_bsp.a(alt_io_redirect.o)
                0x020120c0                alt_io_redirect
 .text          0x02012138      0x2c4 ../FourRotorAircraft_bsp/\libhal_bsp.a(alt_open.o)
                0x02012214                open
 .text          0x020123fc      0x1a4 ../FourRotorAircraft_bsp/\libhal_bsp.a(alt_tick.o)
                0x020123fc                alt_alarm_stop
                0x02012494                alt_tick
 .text          0x020125a0       0x20 ../FourRotorAircraft_bsp/\libhal_bsp.a(altera_nios2_irq.o)
                0x020125a0                altera_nios2_irq_init
 .text          0x020125c0      0x460 ../FourRotorAircraft_bsp/\libhal_bsp.a(altera_avalon_cfi_flash_amd.o)
                0x020125c0                alt_program_amd
                0x02012628                alt_erase_block_amd
 .text          0x02012a20      0x460 ../FourRotorAircraft_bsp/\libhal_bsp.a(altera_avalon_cfi_flash_intel.o)
                0x02012a20                alt_program_intel
                0x02012aa4                alt_erase_block_intel
 .text          0x02012e80      0x238 ../FourRotorAircraft_bsp/\libhal_bsp.a(altera_avalon_spi.o)
                0x02012e80                alt_avalon_spi_command
 .text          0x020130b8       0x94 ../FourRotorAircraft_bsp/\libhal_bsp.a(alt_find_dev.o)
                0x020130b8                alt_find_dev
 .text          0x0201314c      0x120 ../FourRotorAircraft_bsp/\libhal_bsp.a(alt_find_file.o)
                0x0201314c                alt_find_file
 .text          0x0201326c       0xb8 ../FourRotorAircraft_bsp/\libhal_bsp.a(alt_get_fd.o)
                0x0201326c                alt_get_fd
 .text          0x02013324       0x14 c:/altera/11.0/nios2eds/bin/gnu/h-i686-mingw32/bin/../lib/gcc/nios2-elf/4.1.2/../../../../nios2-elf/lib\libc.a(lib_a-atexit.o)
                0x02013324                atexit
 .text          0x02013338       0x38 c:/altera/11.0/nios2eds/bin/gnu/h-i686-mingw32/bin/../lib/gcc/nios2-elf/4.1.2/../../../../nios2-elf/lib\libc.a(lib_a-exit.o)
                0x02013338                exit
 .text          0x02013370       0x74 c:/altera/11.0/nios2eds/bin/gnu/h-i686-mingw32/bin/../lib/gcc/nios2-elf/4.1.2/../../../../nios2-elf/lib\libc.a(lib_a-memcmp.o)
                0x02013370                memcmp
 .text          0x020133e4      0x134 c:/altera/11.0/nios2eds/bin/gnu/h-i686-mingw32/bin/../lib/gcc/nios2-elf/4.1.2/../../../../nios2-elf/lib\libc.a(lib_a-__atexit.o)
                0x020133e4                __register_exitproc
 .text          0x02013518      0x1b4 c:/altera/11.0/nios2eds/bin/gnu/h-i686-mingw32/bin/../lib/gcc/nios2-elf/4.1.2/../../../../nios2-elf/lib\libc.a(lib_a-__call_atexit.o)
                0x0201351c                __call_exitprocs
 .text          0x020136cc       0x60 ../FourRotorAircraft_bsp/\libhal_bsp.a(alt_exit.o)
                0x0201370c                _exit
 *(.gnu.warning.*)
 *(.fini)
                0x0201372c                PROVIDE (__etext, ABSOLUTE (.))
                0x0201372c                PROVIDE (_etext, ABSOLUTE (.))
                0x0201372c                PROVIDE (etext, ABSOLUTE (.))
 *(.eh_frame_hdr)
                0x0201372c                . = ALIGN (0x4)
                0x0201372c                PROVIDE (__preinit_array_start, ABSOLUTE (.))
 *(.preinit_array)
                0x0201372c                PROVIDE (__preinit_array_end, ABSOLUTE (.))
                0x0201372c                PROVIDE (__init_array_start, ABSOLUTE (.))
 *(.init_array)
                0x0201372c                PROVIDE (__init_array_end, ABSOLUTE (.))
                0x0201372c                PROVIDE (__fini_array_start, ABSOLUTE (.))
 *(.fini_array)
                0x0201372c                PROVIDE (__fini_array_end, ABSOLUTE (.))
 *(.eh_frame)
 .eh_frame      0x0201372c       0x40 c:/altera/11.0/nios2eds/bin/gnu/h-i686-mingw32/bin/../lib/gcc/nios2-elf/4.1.2\libgcc.a(_udivdi3.o)
 .eh_frame      0x0201376c       0x2c c:/altera/11.0/nios2eds/bin/gnu/h-i686-mingw32/bin/../lib/gcc/nios2-elf/4.1.2\libgcc.a(_umoddi3.o)
                                 0x40 (size before relaxing)
 *(.gcc_except_table)
 *(.dynamic)
                0x02013798                PROVIDE (__CTOR_LIST__, ABSOLUTE (.))
 *(.ctors)
 *(SORT(.ctors.*))
 .ctors.65535   0x02013798        0x4 c:/altera/11.0/nios2eds/bin/gnu/h-i686-mingw32/bin/../lib/gcc/nios2-elf/4.1.2/../../../../nios2-elf/lib\libc.a(lib_a-__call_atexit.o)
                0x0201379c                PROVIDE (__CTOR_END__, ABSOLUTE (.))
                0x0201379c                PROVIDE (__DTOR_LIST__, ABSOLUTE (.))
 *(.dtors)
 *(SORT(.dtors.*))
                0x0201379c                PROVIDE (__DTOR_END__, ABSOLUTE (.))
 *(.jcr)
                0x0201379c                . = ALIGN (0x4)

.rodata         0x0201379c      0x440
                0x0201379c                PROVIDE (__ram_rodata_start, ABSOLUTE (.))
                0x0201379c                . = ALIGN (0x4)
 *(.rodata .rodata.* .gnu.linkonce.r.*)
 .rodata        0x0201379c       0x20 obj/app/app.o
 .rodata        0x020137bc       0x18 obj/controller/controller.o
 .rodata        0x020137d4       0x3c obj/jy901/jy901.o
 .rodata        0x02013810       0x1c obj/main.o
 .rodata.str1.4
                0x0201382c        0x5 c:/altera/11.0/nios2eds/bin/gnu/h-i686-mingw32/bin/../lib/gcc/nios2-elf/4.1.2/../../../../nios2-elf/lib\libm.a(lib_a-w_sqrt.o)
                                  0x8 (size before relaxing)
 *fill*         0x02013831        0x3 00
 .rodata        0x02013834       0x10 c:/altera/11.0/nios2eds/bin/gnu/h-i686-mingw32/bin/../lib/gcc/nios2-elf/4.1.2\libgcc.a(_thenan_sf.o)
                0x02013834                __thenan_sf
 .rodata        0x02013844       0x14 c:/altera/11.0/nios2eds/bin/gnu/h-i686-mingw32/bin/../lib/gcc/nios2-elf/4.1.2\libgcc.a(_thenan_df.o)
                0x02013844                __thenan_df
 .rodata        0x02013858      0x100 c:/altera/11.0/nios2eds/bin/gnu/h-i686-mingw32/bin/../lib/gcc/nios2-elf/4.1.2\libgcc.a(_clz.o)
                0x02013858                __clz_tab
 .rodata.str1.4
                0x02013958        0x2 c:/altera/11.0/nios2eds/bin/gnu/h-i686-mingw32/bin/../lib/gcc/nios2-elf/4.1.2/../../../../nios2-elf/lib\libc.a(lib_a-impure.o)
                                  0x4 (size before relaxing)
 *fill*         0x0201395a        0x2 00
 .rodata.str1.4
                0x0201395c        0x2 c:/altera/11.0/nios2eds/bin/gnu/h-i686-mingw32/bin/../lib/gcc/nios2-elf/4.1.2/../../../../nios2-elf/lib\libc.a(lib_a-puts.o)
                                  0x4 (size before relaxing)
 *fill*         0x0201395e        0x2 00
 .rodata.str1.4
                0x02013960       0x5e c:/altera/11.0/nios2eds/bin/gnu/h-i686-mingw32/bin/../lib/gcc/nios2-elf/4.1.2/../../../../nios2-elf/lib\libc.a(lib_a-vfprintf.o)
                                 0x60 (size before relaxing)
 .rodata        0x020139be       0x20 c:/altera/11.0/nios2eds/bin/gnu/h-i686-mingw32/bin/../lib/gcc/nios2-elf/4.1.2/../../../../nios2-elf/lib\libc.a(lib_a-vfprintf.o)
 *fill*         0x020139de        0x2 00
 .rodata.str1.4
                0x020139e0       0x10 c:/altera/11.0/nios2eds/bin/gnu/h-i686-mingw32/bin/../lib/gcc/nios2-elf/4.1.2/../../../../nios2-elf/lib\libc.a(lib_a-dtoa.o)
                                 0x14 (size before relaxing)
 .rodata.str1.4
                0x020139f0       0x10 c:/altera/11.0/nios2eds/bin/gnu/h-i686-mingw32/bin/../lib/gcc/nios2-elf/4.1.2/../../../../nios2-elf/lib\libc.a(lib_a-locale.o)
                                 0x18 (size before relaxing)
 .rodata        0x02013a00       0x30 c:/altera/11.0/nios2eds/bin/gnu/h-i686-mingw32/bin/../lib/gcc/nios2-elf/4.1.2/../../../../nios2-elf/lib\libc.a(lib_a-locale.o)
 .rodata        0x02013a30      0x124 c:/altera/11.0/nios2eds/bin/gnu/h-i686-mingw32/bin/../lib/gcc/nios2-elf/4.1.2/../../../../nios2-elf/lib\libc.a(lib_a-mprec.o)
                0x02013a30                __mprec_tens
                0x02013af8                __mprec_bigtens
                0x02013b20                __mprec_tinytens
 .rodata        0x02013b54        0xc ../FourRotorAircraft_bsp/\libhal_bsp.a(alt_dev.o)
 .rodata        0x02013b60       0x14 ../FourRotorAircraft_bsp/\libhal_bsp.a(alt_main.o)
 .rodata        0x02013b74       0x68 ../FourRotorAircraft_bsp/\libhal_bsp.a(alt_sys_init.o)
 *(.rodata1)
                0x02013bdc                . = ALIGN (0x4)
                0x02013bdc                PROVIDE (__ram_rodata_end, ABSOLUTE (.))
                0x0201379c                PROVIDE (__flash_rodata_start, LOADADDR (.rodata))

.rwdata         0x02013bdc     0x1d90
                0x02013bdc                PROVIDE (__ram_rwdata_start, ABSOLUTE (.))
                0x02013bdc                . = ALIGN (0x4)
 *(.got.plt)
 *(.got)
 *(.data1)
 *(.data .data.* .gnu.linkonce.d.*)
 .data          0x02013bdc        0x0 ../FourRotorAircraft_bsp//obj/HAL/src/crt0.o
 .data          0x02013bdc        0x0 obj/app/app.o
 .data          0x02013bdc        0x0 obj/controller/controller.o
 .data          0x02013bdc        0x0 obj/fbm320/fbm320.o
 .data          0x02013bdc        0x0 obj/i2c/i2c_opencores.o
 .data          0x02013bdc        0x0 obj/jy901/jy901.o
 .data          0x02013bdc        0x0 obj/main.o
 .data          0x02013bdc        0x0 obj/pwm/pwm.o
 .data          0x02013bdc        0x0 obj/timer/timer.o
 .data          0x02013bdc        0x0 obj/us100/us100.o
 .data          0x02013bdc        0x0 c:/altera/11.0/nios2eds/bin/gnu/h-i686-mingw32/bin/../lib/gcc/nios2-elf/4.1.2/../../../../nios2-elf/lib\libm.a(lib_a-w_sqrt.o)
 .data          0x02013bdc        0x0 c:/altera/11.0/nios2eds/bin/gnu/h-i686-mingw32/bin/../lib/gcc/nios2-elf/4.1.2/../../../../nios2-elf/lib\libm.a(lib_a-e_sqrt.o)
 .data          0x02013bdc        0x0 c:/altera/11.0/nios2eds/bin/gnu/h-i686-mingw32/bin/../lib/gcc/nios2-elf/4.1.2/../../../../nios2-elf/lib\libm.a(lib_a-s_isnand.o)
 .data          0x02013bdc        0x0 c:/altera/11.0/nios2eds/bin/gnu/h-i686-mingw32/bin/../lib/gcc/nios2-elf/4.1.2/../../../../nios2-elf/lib\libm.a(lib_a-s_lib_ver.o)
 .data          0x02013bdc        0x0 c:/altera/11.0/nios2eds/bin/gnu/h-i686-mingw32/bin/../lib/gcc/nios2-elf/4.1.2/../../../../nios2-elf/lib\libm.a(lib_a-s_matherr.o)
 .data          0x02013bdc        0x0 c:/altera/11.0/nios2eds/bin/gnu/h-i686-mingw32/bin/../lib/gcc/nios2-elf/4.1.2\libgcc.a(_fixunsdfdi.o)
 .data          0x02013bdc        0x0 c:/altera/11.0/nios2eds/bin/gnu/h-i686-mingw32/bin/../lib/gcc/nios2-elf/4.1.2\libgcc.a(_floatundidf.o)
 .data          0x02013bdc        0x0 c:/altera/11.0/nios2eds/bin/gnu/h-i686-mingw32/bin/../lib/gcc/nios2-elf/4.1.2\libgcc.a(_udivdi3.o)
 .data          0x02013bdc        0x0 c:/altera/11.0/nios2eds/bin/gnu/h-i686-mingw32/bin/../lib/gcc/nios2-elf/4.1.2\libgcc.a(_addsub_sf.o)
 .data          0x02013bdc        0x0 c:/altera/11.0/nios2eds/bin/gnu/h-i686-mingw32/bin/../lib/gcc/nios2-elf/4.1.2\libgcc.a(_mul_sf.o)
 .data          0x02013bdc        0x0 c:/altera/11.0/nios2eds/bin/gnu/h-i686-mingw32/bin/../lib/gcc/nios2-elf/4.1.2\libgcc.a(_div_sf.o)
 .data          0x02013bdc        0x0 c:/altera/11.0/nios2eds/bin/gnu/h-i686-mingw32/bin/../lib/gcc/nios2-elf/4.1.2\libgcc.a(_gt_sf.o)
 .data          0x02013bdc        0x0 c:/altera/11.0/nios2eds/bin/gnu/h-i686-mingw32/bin/../lib/gcc/nios2-elf/4.1.2\libgcc.a(_lt_sf.o)
 .data          0x02013bdc        0x0 c:/altera/11.0/nios2eds/bin/gnu/h-i686-mingw32/bin/../lib/gcc/nios2-elf/4.1.2\libgcc.a(_si_to_sf.o)
 .data          0x02013bdc        0x0 c:/altera/11.0/nios2eds/bin/gnu/h-i686-mingw32/bin/../lib/gcc/nios2-elf/4.1.2\libgcc.a(_sf_to_si.o)
 .data          0x02013bdc        0x0 c:/altera/11.0/nios2eds/bin/gnu/h-i686-mingw32/bin/../lib/gcc/nios2-elf/4.1.2\libgcc.a(_sf_to_df.o)
 .data          0x02013bdc        0x0 c:/altera/11.0/nios2eds/bin/gnu/h-i686-mingw32/bin/../lib/gcc/nios2-elf/4.1.2\libgcc.a(_thenan_sf.o)
 .data          0x02013bdc        0x0 c:/altera/11.0/nios2eds/bin/gnu/h-i686-mingw32/bin/../lib/gcc/nios2-elf/4.1.2\libgcc.a(_usi_to_sf.o)
 .data          0x02013bdc        0x0 c:/altera/11.0/nios2eds/bin/gnu/h-i686-mingw32/bin/../lib/gcc/nios2-elf/4.1.2\libgcc.a(_addsub_df.o)
 .data          0x02013bdc        0x0 c:/altera/11.0/nios2eds/bin/gnu/h-i686-mingw32/bin/../lib/gcc/nios2-elf/4.1.2\libgcc.a(_mul_df.o)
 .data          0x02013bdc        0x0 c:/altera/11.0/nios2eds/bin/gnu/h-i686-mingw32/bin/../lib/gcc/nios2-elf/4.1.2\libgcc.a(_div_df.o)
 .data          0x02013bdc        0x0 c:/altera/11.0/nios2eds/bin/gnu/h-i686-mingw32/bin/../lib/gcc/nios2-elf/4.1.2\libgcc.a(_lt_df.o)
 .data          0x02013bdc        0x0 c:/altera/11.0/nios2eds/bin/gnu/h-i686-mingw32/bin/../lib/gcc/nios2-elf/4.1.2\libgcc.a(_df_to_si.o)
 .data          0x02013bdc        0x0 c:/altera/11.0/nios2eds/bin/gnu/h-i686-mingw32/bin/../lib/gcc/nios2-elf/4.1.2\libgcc.a(_make_df.o)
 .data          0x02013bdc        0x0 c:/altera/11.0/nios2eds/bin/gnu/h-i686-mingw32/bin/../lib/gcc/nios2-elf/4.1.2\libgcc.a(_df_to_sf.o)
 .data          0x02013bdc        0x0 c:/altera/11.0/nios2eds/bin/gnu/h-i686-mingw32/bin/../lib/gcc/nios2-elf/4.1.2\libgcc.a(_thenan_df.o)
 .data          0x02013bdc        0x0 c:/altera/11.0/nios2eds/bin/gnu/h-i686-mingw32/bin/../lib/gcc/nios2-elf/4.1.2\libgcc.a(_usi_to_df.o)
 .data          0x02013bdc        0x0 c:/altera/11.0/nios2eds/bin/gnu/h-i686-mingw32/bin/../lib/gcc/nios2-elf/4.1.2\libgcc.a(lib2-divmod.o)
 .data          0x02013bdc        0x0 c:/altera/11.0/nios2eds/bin/gnu/h-i686-mingw32/bin/../lib/gcc/nios2-elf/4.1.2\libgcc.a(_muldi3.o)
 .data          0x02013bdc        0x0 c:/altera/11.0/nios2eds/bin/gnu/h-i686-mingw32/bin/../lib/gcc/nios2-elf/4.1.2\libgcc.a(_clz.o)
 .data          0x02013bdc        0x0 c:/altera/11.0/nios2eds/bin/gnu/h-i686-mingw32/bin/../lib/gcc/nios2-elf/4.1.2\libgcc.a(_clzsi2.o)
 .data          0x02013bdc        0x0 c:/altera/11.0/nios2eds/bin/gnu/h-i686-mingw32/bin/../lib/gcc/nios2-elf/4.1.2\libgcc.a(_fixunsdfsi.o)
 .data          0x02013bdc        0x0 c:/altera/11.0/nios2eds/bin/gnu/h-i686-mingw32/bin/../lib/gcc/nios2-elf/4.1.2\libgcc.a(_pack_sf.o)
 .data          0x02013bdc        0x0 c:/altera/11.0/nios2eds/bin/gnu/h-i686-mingw32/bin/../lib/gcc/nios2-elf/4.1.2\libgcc.a(_unpack_sf.o)
 .data          0x02013bdc        0x0 c:/altera/11.0/nios2eds/bin/gnu/h-i686-mingw32/bin/../lib/gcc/nios2-elf/4.1.2\libgcc.a(_fpcmp_parts_sf.o)
 .data          0x02013bdc        0x0 c:/altera/11.0/nios2eds/bin/gnu/h-i686-mingw32/bin/../lib/gcc/nios2-elf/4.1.2\libgcc.a(_make_sf.o)
 .data          0x02013bdc        0x0 c:/altera/11.0/nios2eds/bin/gnu/h-i686-mingw32/bin/../lib/gcc/nios2-elf/4.1.2\libgcc.a(_pack_df.o)
 .data          0x02013bdc        0x0 c:/altera/11.0/nios2eds/bin/gnu/h-i686-mingw32/bin/../lib/gcc/nios2-elf/4.1.2\libgcc.a(_unpack_df.o)
 .data          0x02013bdc        0x0 c:/altera/11.0/nios2eds/bin/gnu/h-i686-mingw32/bin/../lib/gcc/nios2-elf/4.1.2\libgcc.a(_fpcmp_parts_df.o)
 .data          0x02013bdc        0x0 c:/altera/11.0/nios2eds/bin/gnu/h-i686-mingw32/bin/../lib/gcc/nios2-elf/4.1.2\libgcc.a(_ge_df.o)
 .data          0x02013bdc        0x0 c:/altera/11.0/nios2eds/bin/gnu/h-i686-mingw32/bin/../lib/gcc/nios2-elf/4.1.2/../../../../nios2-elf/lib\libc.a(lib_a-errno.o)
 .data          0x02013bdc      0x400 c:/altera/11.0/nios2eds/bin/gnu/h-i686-mingw32/bin/../lib/gcc/nios2-elf/4.1.2/../../../../nios2-elf/lib\libc.a(lib_a-impure.o)
 .data          0x02013fdc        0x0 c:/altera/11.0/nios2eds/bin/gnu/h-i686-mingw32/bin/../lib/gcc/nios2-elf/4.1.2/../../../../nios2-elf/lib\libc.a(lib_a-printf.o)
 .data          0x02013fdc        0x0 c:/altera/11.0/nios2eds/bin/gnu/h-i686-mingw32/bin/../lib/gcc/nios2-elf/4.1.2/../../../../nios2-elf/lib\libc.a(lib_a-puts.o)
 .data          0x02013fdc        0x0 c:/altera/11.0/nios2eds/bin/gnu/h-i686-mingw32/bin/../lib/gcc/nios2-elf/4.1.2/../../../../nios2-elf/lib\libc.a(lib_a-strlen.o)
 .data          0x02013fdc        0x0 c:/altera/11.0/nios2eds/bin/gnu/h-i686-mingw32/bin/../lib/gcc/nios2-elf/4.1.2/../../../../nios2-elf/lib\libc.a(lib_a-vfprintf.o)
 .data          0x02013fdc        0x0 c:/altera/11.0/nios2eds/bin/gnu/h-i686-mingw32/bin/../lib/gcc/nios2-elf/4.1.2/../../../../nios2-elf/lib\libc.a(lib_a-wsetup.o)
 .data          0x02013fdc        0x0 c:/altera/11.0/nios2eds/bin/gnu/h-i686-mingw32/bin/../lib/gcc/nios2-elf/4.1.2/../../../../nios2-elf/lib\libc.a(lib_a-dtoa.o)
 .data          0x02013fdc        0x0 c:/altera/11.0/nios2eds/bin/gnu/h-i686-mingw32/bin/../lib/gcc/nios2-elf/4.1.2/../../../../nios2-elf/lib\libc.a(lib_a-fflush.o)
 .data          0x02013fdc        0x0 c:/altera/11.0/nios2eds/bin/gnu/h-i686-mingw32/bin/../lib/gcc/nios2-elf/4.1.2/../../../../nios2-elf/lib\libc.a(lib_a-findfp.o)
 .data          0x02013fdc        0x0 c:/altera/11.0/nios2eds/bin/gnu/h-i686-mingw32/bin/../lib/gcc/nios2-elf/4.1.2/../../../../nios2-elf/lib\libc.a(lib_a-freer.o)
 .data          0x02013fdc        0x0 c:/altera/11.0/nios2eds/bin/gnu/h-i686-mingw32/bin/../lib/gcc/nios2-elf/4.1.2/../../../../nios2-elf/lib\libc.a(lib_a-fvwrite.o)
 .data          0x02013fdc        0x0 c:/altera/11.0/nios2eds/bin/gnu/h-i686-mingw32/bin/../lib/gcc/nios2-elf/4.1.2/../../../../nios2-elf/lib\libc.a(lib_a-fwalk.o)
 .data          0x02013fdc        0xc c:/altera/11.0/nios2eds/bin/gnu/h-i686-mingw32/bin/../lib/gcc/nios2-elf/4.1.2/../../../../nios2-elf/lib\libc.a(lib_a-locale.o)
                0x02013fdc                __lc_ctype
 .data          0x02013fe8        0x0 c:/altera/11.0/nios2eds/bin/gnu/h-i686-mingw32/bin/../lib/gcc/nios2-elf/4.1.2/../../../../nios2-elf/lib\libc.a(lib_a-makebuf.o)
 .data          0x02013fe8      0x408 c:/altera/11.0/nios2eds/bin/gnu/h-i686-mingw32/bin/../lib/gcc/nios2-elf/4.1.2/../../../../nios2-elf/lib\libc.a(lib_a-mallocr.o)
                0x02013fe8                __malloc_av_
 .data          0x020143f0        0x0 c:/altera/11.0/nios2eds/bin/gnu/h-i686-mingw32/bin/../lib/gcc/nios2-elf/4.1.2/../../../../nios2-elf/lib\libc.a(lib_a-memchr.o)
 .data          0x020143f0        0x0 c:/altera/11.0/nios2eds/bin/gnu/h-i686-mingw32/bin/../lib/gcc/nios2-elf/4.1.2/../../../../nios2-elf/lib\libc.a(lib_a-memcpy.o)
 .data          0x020143f0        0x0 c:/altera/11.0/nios2eds/bin/gnu/h-i686-mingw32/bin/../lib/gcc/nios2-elf/4.1.2/../../../../nios2-elf/lib\libc.a(lib_a-memmove.o)
 .data          0x020143f0        0x0 c:/altera/11.0/nios2eds/bin/gnu/h-i686-mingw32/bin/../lib/gcc/nios2-elf/4.1.2/../../../../nios2-elf/lib\libc.a(lib_a-memset.o)
 .data          0x020143f0        0x0 c:/altera/11.0/nios2eds/bin/gnu/h-i686-mingw32/bin/../lib/gcc/nios2-elf/4.1.2/../../../../nios2-elf/lib\libc.a(lib_a-mprec.o)
 .data          0x020143f0        0x0 c:/altera/11.0/nios2eds/bin/gnu/h-i686-mingw32/bin/../lib/gcc/nios2-elf/4.1.2/../../../../nios2-elf/lib\libc.a(lib_a-reallocr.o)
 .data          0x020143f0        0x0 c:/altera/11.0/nios2eds/bin/gnu/h-i686-mingw32/bin/../lib/gcc/nios2-elf/4.1.2/../../../../nios2-elf/lib\libc.a(lib_a-s_isinfd.o)
 .data          0x020143f0        0x0 c:/altera/11.0/nios2eds/bin/gnu/h-i686-mingw32/bin/../lib/gcc/nios2-elf/4.1.2/../../../../nios2-elf/lib\libc.a(lib_a-sbrkr.o)
 .data          0x020143f0        0x0 c:/altera/11.0/nios2eds/bin/gnu/h-i686-mingw32/bin/../lib/gcc/nios2-elf/4.1.2/../../../../nios2-elf/lib\libc.a(lib_a-stdio.o)
 .data          0x020143f0        0x0 c:/altera/11.0/nios2eds/bin/gnu/h-i686-mingw32/bin/../lib/gcc/nios2-elf/4.1.2/../../../../nios2-elf/lib\libc.a(lib_a-strcmp.o)
 .data          0x020143f0        0x0 c:/altera/11.0/nios2eds/bin/gnu/h-i686-mingw32/bin/../lib/gcc/nios2-elf/4.1.2/../../../../nios2-elf/lib\libc.a(lib_a-writer.o)
 .data          0x020143f0        0x0 c:/altera/11.0/nios2eds/bin/gnu/h-i686-mingw32/bin/../lib/gcc/nios2-elf/4.1.2/../../../../nios2-elf/lib\libc.a(lib_a-callocr.o)
 .data          0x020143f0        0x0 c:/altera/11.0/nios2eds/bin/gnu/h-i686-mingw32/bin/../lib/gcc/nios2-elf/4.1.2/../../../../nios2-elf/lib\libc.a(lib_a-closer.o)
 .data          0x020143f0        0x0 c:/altera/11.0/nios2eds/bin/gnu/h-i686-mingw32/bin/../lib/gcc/nios2-elf/4.1.2/../../../../nios2-elf/lib\libc.a(lib_a-fclose.o)
 .data          0x020143f0        0x0 c:/altera/11.0/nios2eds/bin/gnu/h-i686-mingw32/bin/../lib/gcc/nios2-elf/4.1.2/../../../../nios2-elf/lib\libc.a(lib_a-fstatr.o)
 .data          0x020143f0        0x0 c:/altera/11.0/nios2eds/bin/gnu/h-i686-mingw32/bin/../lib/gcc/nios2-elf/4.1.2/../../../../nios2-elf/lib\libc.a(lib_a-int_errno.o)
 .data          0x020143f0        0x0 c:/altera/11.0/nios2eds/bin/gnu/h-i686-mingw32/bin/../lib/gcc/nios2-elf/4.1.2/../../../../nios2-elf/lib\libc.a(lib_a-isattyr.o)
 .data          0x020143f0        0x0 c:/altera/11.0/nios2eds/bin/gnu/h-i686-mingw32/bin/../lib/gcc/nios2-elf/4.1.2/../../../../nios2-elf/lib\libc.a(lib_a-lseekr.o)
 .data          0x020143f0        0x0 c:/altera/11.0/nios2eds/bin/gnu/h-i686-mingw32/bin/../lib/gcc/nios2-elf/4.1.2/../../../../nios2-elf/lib\libc.a(lib_a-readr.o)
 .data          0x020143f0        0x0 c:/altera/11.0/nios2eds/bin/gnu/h-i686-mingw32/bin/../lib/gcc/nios2-elf/4.1.2\libgcc.a(_umoddi3.o)
 .data          0x020143f0        0x0 c:/altera/11.0/nios2eds/bin/gnu/h-i686-mingw32/bin/../lib/gcc/nios2-elf/4.1.2\libgcc.a(_eq_df.o)
 .data          0x020143f0        0x0 c:/altera/11.0/nios2eds/bin/gnu/h-i686-mingw32/bin/../lib/gcc/nios2-elf/4.1.2\libgcc.a(_ne_df.o)
 .data          0x020143f0        0x0 c:/altera/11.0/nios2eds/bin/gnu/h-i686-mingw32/bin/../lib/gcc/nios2-elf/4.1.2\libgcc.a(_gt_df.o)
 .data          0x020143f0        0x0 c:/altera/11.0/nios2eds/bin/gnu/h-i686-mingw32/bin/../lib/gcc/nios2-elf/4.1.2\libgcc.a(_si_to_df.o)
 .data          0x020143f0        0x0 ../FourRotorAircraft_bsp/\libhal_bsp.a(alt_close.o)
 .data          0x020143f0      0x1a8 ../FourRotorAircraft_bsp/\libhal_bsp.a(alt_dev.o)
                0x020143f0                alt_dev_null
                0x02014418                alt_fd_list
 .data          0x02014598        0x0 ../FourRotorAircraft_bsp/\libhal_bsp.a(alt_errno.o)
 .data          0x02014598        0x0 ../FourRotorAircraft_bsp/\libhal_bsp.a(alt_fstat.o)
 .data          0x02014598        0x0 ../FourRotorAircraft_bsp/\libhal_bsp.a(alt_iic.o)
 .data          0x02014598        0x0 ../FourRotorAircraft_bsp/\libhal_bsp.a(alt_iic_isr_register.o)
 .data          0x02014598        0x0 ../FourRotorAircraft_bsp/\libhal_bsp.a(alt_irq_entry.o)
 .data          0x02014598        0x0 ../FourRotorAircraft_bsp/\libhal_bsp.a(alt_irq_handler.o)
 .data          0x02014598        0x0 ../FourRotorAircraft_bsp/\libhal_bsp.a(alt_irq_register.o)
 .data          0x02014598        0x0 ../FourRotorAircraft_bsp/\libhal_bsp.a(alt_irq_vars.o)
 .data          0x02014598        0x0 ../FourRotorAircraft_bsp/\libhal_bsp.a(alt_isatty.o)
 .data          0x02014598        0x0 ../FourRotorAircraft_bsp/\libhal_bsp.a(alt_lseek.o)
 .data          0x02014598        0x0 ../FourRotorAircraft_bsp/\libhal_bsp.a(alt_main.o)
 .data          0x02014598        0x0 ../FourRotorAircraft_bsp/\libhal_bsp.a(alt_malloc_lock.o)
 .data          0x02014598        0x0 ../FourRotorAircraft_bsp/\libhal_bsp.a(alt_read.o)
 .data          0x02014598        0x0 ../FourRotorAircraft_bsp/\libhal_bsp.a(alt_release_fd.o)
 .data          0x02014598        0x0 ../FourRotorAircraft_bsp/\libhal_bsp.a(alt_sbrk.o)
 .data          0x02014598        0x0 ../FourRotorAircraft_bsp/\libhal_bsp.a(alt_usleep.o)
 .data          0x02014598        0x0 ../FourRotorAircraft_bsp/\libhal_bsp.a(alt_write.o)
 .data          0x02014598     0x1384 ../FourRotorAircraft_bsp/\libhal_bsp.a(alt_sys_init.o)
 .data          0x0201591c        0x0 ../FourRotorAircraft_bsp/\libhal_bsp.a(altera_avalon_cfi_flash.o)
 .data          0x0201591c        0x0 ../FourRotorAircraft_bsp/\libhal_bsp.a(altera_avalon_cfi_flash_table.o)
 .data          0x0201591c        0x0 ../FourRotorAircraft_bsp/\libhal_bsp.a(altera_avalon_epcs_flash_controller.o)
 .data          0x0201591c        0x0 ../FourRotorAircraft_bsp/\libhal_bsp.a(altera_avalon_jtag_uart_fd.o)
 .data          0x0201591c        0x0 ../FourRotorAircraft_bsp/\libhal_bsp.a(altera_avalon_jtag_uart_init.o)
 .data          0x0201591c        0x0 ../FourRotorAircraft_bsp/\libhal_bsp.a(altera_avalon_jtag_uart_ioctl.o)
 .data          0x0201591c        0x0 ../FourRotorAircraft_bsp/\libhal_bsp.a(altera_avalon_jtag_uart_read.o)
 .data          0x0201591c        0x0 ../FourRotorAircraft_bsp/\libhal_bsp.a(altera_avalon_jtag_uart_write.o)
 .data          0x0201591c        0x0 ../FourRotorAircraft_bsp/\libhal_bsp.a(altera_avalon_timer_sc.o)
 .data          0x0201591c        0x0 ../FourRotorAircraft_bsp/\libhal_bsp.a(altera_avalon_uart_fd.o)
 .data          0x0201591c        0x0 ../FourRotorAircraft_bsp/\libhal_bsp.a(altera_avalon_uart_init.o)
 .data          0x0201591c        0x0 ../FourRotorAircraft_bsp/\libhal_bsp.a(altera_avalon_uart_read.o)
 .data          0x0201591c        0x0 ../FourRotorAircraft_bsp/\libhal_bsp.a(altera_avalon_uart_write.o)
 .data          0x0201591c        0x0 ../FourRotorAircraft_bsp/\libhal_bsp.a(epcs_commands.o)
 .data          0x0201591c        0x0 ../FourRotorAircraft_bsp/\libhal_bsp.a(alt_alarm_start.o)
 .data          0x0201591c        0x0 ../FourRotorAircraft_bsp/\libhal_bsp.a(alt_busy_sleep.o)
 .data          0x0201591c        0x0 ../FourRotorAircraft_bsp/\libhal_bsp.a(alt_dcache_flush.o)
 .data          0x0201591c        0x0 ../FourRotorAircraft_bsp/\libhal_bsp.a(alt_dev_llist_insert.o)
 .data          0x0201591c        0x0 ../FourRotorAircraft_bsp/\libhal_bsp.a(alt_do_ctors.o)
 .data          0x0201591c        0x0 ../FourRotorAircraft_bsp/\libhal_bsp.a(alt_do_dtors.o)
 .data          0x0201591c        0x0 ../FourRotorAircraft_bsp/\libhal_bsp.a(alt_exception_entry.o)
 .data          0x0201591c        0x0 ../FourRotorAircraft_bsp/\libhal_bsp.a(alt_flash_dev.o)
 .data          0x0201591c        0x0 ../FourRotorAircraft_bsp/\libhal_bsp.a(alt_io_redirect.o)
 .data          0x0201591c        0x0 ../FourRotorAircraft_bsp/\libhal_bsp.a(alt_open.o)
 .data          0x0201591c        0x0 ../FourRotorAircraft_bsp/\libhal_bsp.a(alt_tick.o)
 .data          0x0201591c        0x0 ../FourRotorAircraft_bsp/\libhal_bsp.a(altera_nios2_irq.o)
 .data          0x0201591c        0x0 ../FourRotorAircraft_bsp/\libhal_bsp.a(altera_avalon_cfi_flash_amd.o)
 .data          0x0201591c        0x0 ../FourRotorAircraft_bsp/\libhal_bsp.a(altera_avalon_cfi_flash_intel.o)
 .data          0x0201591c        0x0 ../FourRotorAircraft_bsp/\libhal_bsp.a(altera_avalon_spi.o)
 .data          0x0201591c        0x0 ../FourRotorAircraft_bsp/\libhal_bsp.a(alt_find_dev.o)
 .data          0x0201591c        0x0 ../FourRotorAircraft_bsp/\libhal_bsp.a(alt_find_file.o)
 .data          0x0201591c        0x0 ../FourRotorAircraft_bsp/\libhal_bsp.a(alt_get_fd.o)
 .data          0x0201591c        0x0 c:/altera/11.0/nios2eds/bin/gnu/h-i686-mingw32/bin/../lib/gcc/nios2-elf/4.1.2/../../../../nios2-elf/lib\libc.a(lib_a-atexit.o)
 .data          0x0201591c        0x0 c:/altera/11.0/nios2eds/bin/gnu/h-i686-mingw32/bin/../lib/gcc/nios2-elf/4.1.2/../../../../nios2-elf/lib\libc.a(lib_a-exit.o)
 .data          0x0201591c        0x0 c:/altera/11.0/nios2eds/bin/gnu/h-i686-mingw32/bin/../lib/gcc/nios2-elf/4.1.2/../../../../nios2-elf/lib\libc.a(lib_a-memcmp.o)
 .data          0x0201591c        0x0 c:/altera/11.0/nios2eds/bin/gnu/h-i686-mingw32/bin/../lib/gcc/nios2-elf/4.1.2/../../../../nios2-elf/lib\libc.a(lib_a-__atexit.o)
 .data          0x0201591c        0x0 c:/altera/11.0/nios2eds/bin/gnu/h-i686-mingw32/bin/../lib/gcc/nios2-elf/4.1.2/../../../../nios2-elf/lib\libc.a(lib_a-__call_atexit.o)
 .data          0x0201591c        0x0 ../FourRotorAircraft_bsp/\libhal_bsp.a(alt_exit.o)
                0x0201d91c                _gp = ABSOLUTE ((. + 0x8000))
                0x0201d91c                PROVIDE (gp, _gp)
 *(.rwdata .rwdata.*)
 *(.sdata .sdata.* .gnu.linkonce.s.*)
 .sdata         0x0201591c        0x2 obj/main.o
                0x0201591c                g_stopFlag
                0x0201591d                g_protectFlag
 *fill*         0x0201591e        0x2 00
 .sdata         0x02015920        0x4 c:/altera/11.0/nios2eds/bin/gnu/h-i686-mingw32/bin/../lib/gcc/nios2-elf/4.1.2/../../../../nios2-elf/lib\libm.a(lib_a-s_lib_ver.o)
                0x02015920                __fdlib_version
 .sdata         0x02015924        0x8 c:/altera/11.0/nios2eds/bin/gnu/h-i686-mingw32/bin/../lib/gcc/nios2-elf/4.1.2/../../../../nios2-elf/lib\libc.a(lib_a-impure.o)
                0x02015924                _impure_ptr
                0x02015928                _global_impure_ptr
 .sdata         0x0201592c        0x8 c:/altera/11.0/nios2eds/bin/gnu/h-i686-mingw32/bin/../lib/gcc/nios2-elf/4.1.2/../../../../nios2-elf/lib\libc.a(lib_a-locale.o)
                0x0201592c                __mb_cur_max
 .sdata         0x02015934        0x8 c:/altera/11.0/nios2eds/bin/gnu/h-i686-mingw32/bin/../lib/gcc/nios2-elf/4.1.2/../../../../nios2-elf/lib\libc.a(lib_a-mallocr.o)
                0x02015934                __malloc_trim_threshold
                0x02015938                __malloc_sbrk_base
 .sdata         0x0201593c       0x14 ../FourRotorAircraft_bsp/\libhal_bsp.a(alt_dev.o)
                0x0201593c                alt_fs_list
                0x02015944                alt_dev_list
                0x0201594c                alt_max_fd
 .sdata         0x02015950        0x4 ../FourRotorAircraft_bsp/\libhal_bsp.a(alt_errno.o)
                0x02015950                alt_errno
 .sdata         0x02015954        0x4 ../FourRotorAircraft_bsp/\libhal_bsp.a(alt_irq_vars.o)
                0x02015954                alt_priority_mask
 .sdata         0x02015958        0x4 ../FourRotorAircraft_bsp/\libhal_bsp.a(alt_sbrk.o)
 .sdata         0x0201595c        0x8 ../FourRotorAircraft_bsp/\libhal_bsp.a(alt_flash_dev.o)
                0x0201595c                alt_flash_dev_list
 .sdata         0x02015964        0x8 ../FourRotorAircraft_bsp/\libhal_bsp.a(alt_tick.o)
                0x02015964                alt_alarm_list
 *(.sdata2 .sdata2.* .gnu.linkonce.s2.*)
                0x0201596c                . = ALIGN (0x4)
                0x0201596c                _edata = ABSOLUTE (.)
                0x0201596c                PROVIDE (edata, ABSOLUTE (.))
                0x0201596c                PROVIDE (__ram_rwdata_end, ABSOLUTE (.))
                0x02013bdc                PROVIDE (__flash_rwdata_start, LOADADDR (.rwdata))

.bss            0x0201596c      0x368
                0x0201596c                __bss_start = ABSOLUTE (.)
                0x0201596c                PROVIDE (__sbss_start, ABSOLUTE (.))
                0x0201596c                PROVIDE (___sbss_start, ABSOLUTE (.))
 *(.dynsbss)
 *(.sbss .sbss.* .gnu.linkonce.sb.*)
 .sbss          0x0201596c        0x4 obj/app/app.o
 .sbss          0x02015970       0x20 obj/controller/controller.o
 .sbss          0x02015990        0x2 obj/fbm320/fbm320.o
                0x02015990                fbm320Standard
 .sbss          0x02015992        0x2 obj/main.o
                0x02015992                g_flag5ms
                0x02015993                g_flag20ms
 .sbss          0x02015994        0x8 obj/timer/timer.o
                0x02015994                timeFlag
                0x02015998                stop
 .sbss          0x0201599c        0x4 obj/us100/us100.o
                0x0201599c                g_preLength
 .sbss          0x020159a0        0xa obj/us100/us100.o
                0x020159a0                uartData
                0x020159a8                status
 *fill*         0x020159aa        0x2 00
 .sbss          0x020159ac        0xc c:/altera/11.0/nios2eds/bin/gnu/h-i686-mingw32/bin/../lib/gcc/nios2-elf/4.1.2/../../../../nios2-elf/lib\libc.a(lib_a-locale.o)
                0x020159ac                __nlocale_changed
                0x020159b0                __mlocale_changed
                0x020159b4                _PathLocale
 .sbss          0x020159b8        0xc c:/altera/11.0/nios2eds/bin/gnu/h-i686-mingw32/bin/../lib/gcc/nios2-elf/4.1.2/../../../../nios2-elf/lib\libc.a(lib_a-mallocr.o)
                0x020159b8                __malloc_top_pad
                0x020159bc                __malloc_max_sbrked_mem
                0x020159c0                __malloc_max_total_mem
 .sbss          0x020159c4        0x4 c:/altera/11.0/nios2eds/bin/gnu/h-i686-mingw32/bin/../lib/gcc/nios2-elf/4.1.2/../../../../nios2-elf/lib\libc.a(lib_a-int_errno.o)
                0x020159c4                errno
 .sbss          0x020159c8        0x4 ../FourRotorAircraft_bsp/\libhal_bsp.a(alt_irq_vars.o)
                0x020159c8                alt_irq_active
 .sbss          0x020159cc        0xc ../FourRotorAircraft_bsp/\libhal_bsp.a(alt_main.o)
                0x020159cc                alt_argc
                0x020159d0                alt_argv
                0x020159d4                alt_envp
 .sbss          0x020159d8        0x8 ../FourRotorAircraft_bsp/\libhal_bsp.a(alt_tick.o)
                0x020159d8                _alt_tick_rate
                0x020159dc                _alt_nticks
 *(.sbss2 .sbss2.* .gnu.linkonce.sb2.*)
 *(.scommon)
                0x020159e0                PROVIDE (__sbss_end, ABSOLUTE (.))
                0x020159e0                PROVIDE (___sbss_end, ABSOLUTE (.))
 *(.dynbss)
 *(.bss .bss.* .gnu.linkonce.b.*)
 .bss           0x020159e0        0x0 ../FourRotorAircraft_bsp//obj/HAL/src/crt0.o
 .bss           0x020159e0        0x0 obj/app/app.o
 .bss           0x020159e0        0x0 obj/controller/controller.o
 .bss           0x020159e0        0x0 obj/fbm320/fbm320.o
 .bss           0x020159e0        0x0 obj/i2c/i2c_opencores.o
 .bss           0x020159e0        0x0 obj/jy901/jy901.o
 .bss           0x020159e0        0x0 obj/main.o
 .bss           0x020159e0        0x0 obj/pwm/pwm.o
 .bss           0x020159e0        0x0 obj/timer/timer.o
 .bss           0x020159e0        0x0 obj/us100/us100.o
 .bss           0x020159e0        0x0 c:/altera/11.0/nios2eds/bin/gnu/h-i686-mingw32/bin/../lib/gcc/nios2-elf/4.1.2/../../../../nios2-elf/lib\libm.a(lib_a-w_sqrt.o)
 .bss           0x020159e0        0x0 c:/altera/11.0/nios2eds/bin/gnu/h-i686-mingw32/bin/../lib/gcc/nios2-elf/4.1.2/../../../../nios2-elf/lib\libm.a(lib_a-e_sqrt.o)
 .bss           0x020159e0        0x0 c:/altera/11.0/nios2eds/bin/gnu/h-i686-mingw32/bin/../lib/gcc/nios2-elf/4.1.2/../../../../nios2-elf/lib\libm.a(lib_a-s_isnand.o)
 .bss           0x020159e0        0x0 c:/altera/11.0/nios2eds/bin/gnu/h-i686-mingw32/bin/../lib/gcc/nios2-elf/4.1.2/../../../../nios2-elf/lib\libm.a(lib_a-s_lib_ver.o)
 .bss           0x020159e0        0x0 c:/altera/11.0/nios2eds/bin/gnu/h-i686-mingw32/bin/../lib/gcc/nios2-elf/4.1.2/../../../../nios2-elf/lib\libm.a(lib_a-s_matherr.o)
 .bss           0x020159e0        0x0 c:/altera/11.0/nios2eds/bin/gnu/h-i686-mingw32/bin/../lib/gcc/nios2-elf/4.1.2\libgcc.a(_fixunsdfdi.o)
 .bss           0x020159e0        0x0 c:/altera/11.0/nios2eds/bin/gnu/h-i686-mingw32/bin/../lib/gcc/nios2-elf/4.1.2\libgcc.a(_floatundidf.o)
 .bss           0x020159e0        0x0 c:/altera/11.0/nios2eds/bin/gnu/h-i686-mingw32/bin/../lib/gcc/nios2-elf/4.1.2\libgcc.a(_udivdi3.o)
 .bss           0x020159e0        0x0 c:/altera/11.0/nios2eds/bin/gnu/h-i686-mingw32/bin/../lib/gcc/nios2-elf/4.1.2\libgcc.a(_addsub_sf.o)
 .bss           0x020159e0        0x0 c:/altera/11.0/nios2eds/bin/gnu/h-i686-mingw32/bin/../lib/gcc/nios2-elf/4.1.2\libgcc.a(_mul_sf.o)
 .bss           0x020159e0        0x0 c:/altera/11.0/nios2eds/bin/gnu/h-i686-mingw32/bin/../lib/gcc/nios2-elf/4.1.2\libgcc.a(_div_sf.o)
 .bss           0x020159e0        0x0 c:/altera/11.0/nios2eds/bin/gnu/h-i686-mingw32/bin/../lib/gcc/nios2-elf/4.1.2\libgcc.a(_gt_sf.o)
 .bss           0x020159e0        0x0 c:/altera/11.0/nios2eds/bin/gnu/h-i686-mingw32/bin/../lib/gcc/nios2-elf/4.1.2\libgcc.a(_lt_sf.o)
 .bss           0x020159e0        0x0 c:/altera/11.0/nios2eds/bin/gnu/h-i686-mingw32/bin/../lib/gcc/nios2-elf/4.1.2\libgcc.a(_si_to_sf.o)
 .bss           0x020159e0        0x0 c:/altera/11.0/nios2eds/bin/gnu/h-i686-mingw32/bin/../lib/gcc/nios2-elf/4.1.2\libgcc.a(_sf_to_si.o)
 .bss           0x020159e0        0x0 c:/altera/11.0/nios2eds/bin/gnu/h-i686-mingw32/bin/../lib/gcc/nios2-elf/4.1.2\libgcc.a(_sf_to_df.o)
 .bss           0x020159e0        0x0 c:/altera/11.0/nios2eds/bin/gnu/h-i686-mingw32/bin/../lib/gcc/nios2-elf/4.1.2\libgcc.a(_thenan_sf.o)
 .bss           0x020159e0        0x0 c:/altera/11.0/nios2eds/bin/gnu/h-i686-mingw32/bin/../lib/gcc/nios2-elf/4.1.2\libgcc.a(_usi_to_sf.o)
 .bss           0x020159e0        0x0 c:/altera/11.0/nios2eds/bin/gnu/h-i686-mingw32/bin/../lib/gcc/nios2-elf/4.1.2\libgcc.a(_addsub_df.o)
 .bss           0x020159e0        0x0 c:/altera/11.0/nios2eds/bin/gnu/h-i686-mingw32/bin/../lib/gcc/nios2-elf/4.1.2\libgcc.a(_mul_df.o)
 .bss           0x020159e0        0x0 c:/altera/11.0/nios2eds/bin/gnu/h-i686-mingw32/bin/../lib/gcc/nios2-elf/4.1.2\libgcc.a(_div_df.o)
 .bss           0x020159e0        0x0 c:/altera/11.0/nios2eds/bin/gnu/h-i686-mingw32/bin/../lib/gcc/nios2-elf/4.1.2\libgcc.a(_lt_df.o)
 .bss           0x020159e0        0x0 c:/altera/11.0/nios2eds/bin/gnu/h-i686-mingw32/bin/../lib/gcc/nios2-elf/4.1.2\libgcc.a(_df_to_si.o)
 .bss           0x020159e0        0x0 c:/altera/11.0/nios2eds/bin/gnu/h-i686-mingw32/bin/../lib/gcc/nios2-elf/4.1.2\libgcc.a(_make_df.o)
 .bss           0x020159e0        0x0 c:/altera/11.0/nios2eds/bin/gnu/h-i686-mingw32/bin/../lib/gcc/nios2-elf/4.1.2\libgcc.a(_df_to_sf.o)
 .bss           0x020159e0        0x0 c:/altera/11.0/nios2eds/bin/gnu/h-i686-mingw32/bin/../lib/gcc/nios2-elf/4.1.2\libgcc.a(_thenan_df.o)
 .bss           0x020159e0        0x0 c:/altera/11.0/nios2eds/bin/gnu/h-i686-mingw32/bin/../lib/gcc/nios2-elf/4.1.2\libgcc.a(_usi_to_df.o)
 .bss           0x020159e0        0x0 c:/altera/11.0/nios2eds/bin/gnu/h-i686-mingw32/bin/../lib/gcc/nios2-elf/4.1.2\libgcc.a(lib2-divmod.o)
 .bss           0x020159e0        0x0 c:/altera/11.0/nios2eds/bin/gnu/h-i686-mingw32/bin/../lib/gcc/nios2-elf/4.1.2\libgcc.a(_muldi3.o)
 .bss           0x020159e0        0x0 c:/altera/11.0/nios2eds/bin/gnu/h-i686-mingw32/bin/../lib/gcc/nios2-elf/4.1.2\libgcc.a(_clz.o)
 .bss           0x020159e0        0x0 c:/altera/11.0/nios2eds/bin/gnu/h-i686-mingw32/bin/../lib/gcc/nios2-elf/4.1.2\libgcc.a(_clzsi2.o)
 .bss           0x020159e0        0x0 c:/altera/11.0/nios2eds/bin/gnu/h-i686-mingw32/bin/../lib/gcc/nios2-elf/4.1.2\libgcc.a(_fixunsdfsi.o)
 .bss           0x020159e0        0x0 c:/altera/11.0/nios2eds/bin/gnu/h-i686-mingw32/bin/../lib/gcc/nios2-elf/4.1.2\libgcc.a(_pack_sf.o)
 .bss           0x020159e0        0x0 c:/altera/11.0/nios2eds/bin/gnu/h-i686-mingw32/bin/../lib/gcc/nios2-elf/4.1.2\libgcc.a(_unpack_sf.o)
 .bss           0x020159e0        0x0 c:/altera/11.0/nios2eds/bin/gnu/h-i686-mingw32/bin/../lib/gcc/nios2-elf/4.1.2\libgcc.a(_fpcmp_parts_sf.o)
 .bss           0x020159e0        0x0 c:/altera/11.0/nios2eds/bin/gnu/h-i686-mingw32/bin/../lib/gcc/nios2-elf/4.1.2\libgcc.a(_make_sf.o)
 .bss           0x020159e0        0x0 c:/altera/11.0/nios2eds/bin/gnu/h-i686-mingw32/bin/../lib/gcc/nios2-elf/4.1.2\libgcc.a(_pack_df.o)
 .bss           0x020159e0        0x0 c:/altera/11.0/nios2eds/bin/gnu/h-i686-mingw32/bin/../lib/gcc/nios2-elf/4.1.2\libgcc.a(_unpack_df.o)
 .bss           0x020159e0        0x0 c:/altera/11.0/nios2eds/bin/gnu/h-i686-mingw32/bin/../lib/gcc/nios2-elf/4.1.2\libgcc.a(_fpcmp_parts_df.o)
 .bss           0x020159e0        0x0 c:/altera/11.0/nios2eds/bin/gnu/h-i686-mingw32/bin/../lib/gcc/nios2-elf/4.1.2\libgcc.a(_ge_df.o)
 .bss           0x020159e0        0x0 c:/altera/11.0/nios2eds/bin/gnu/h-i686-mingw32/bin/../lib/gcc/nios2-elf/4.1.2/../../../../nios2-elf/lib\libc.a(lib_a-errno.o)
 .bss           0x020159e0        0x0 c:/altera/11.0/nios2eds/bin/gnu/h-i686-mingw32/bin/../lib/gcc/nios2-elf/4.1.2/../../../../nios2-elf/lib\libc.a(lib_a-impure.o)
 .bss           0x020159e0        0x0 c:/altera/11.0/nios2eds/bin/gnu/h-i686-mingw32/bin/../lib/gcc/nios2-elf/4.1.2/../../../../nios2-elf/lib\libc.a(lib_a-printf.o)
 .bss           0x020159e0        0x0 c:/altera/11.0/nios2eds/bin/gnu/h-i686-mingw32/bin/../lib/gcc/nios2-elf/4.1.2/../../../../nios2-elf/lib\libc.a(lib_a-puts.o)
 .bss           0x020159e0        0x0 c:/altera/11.0/nios2eds/bin/gnu/h-i686-mingw32/bin/../lib/gcc/nios2-elf/4.1.2/../../../../nios2-elf/lib\libc.a(lib_a-strlen.o)
 .bss           0x020159e0        0x0 c:/altera/11.0/nios2eds/bin/gnu/h-i686-mingw32/bin/../lib/gcc/nios2-elf/4.1.2/../../../../nios2-elf/lib\libc.a(lib_a-vfprintf.o)
 .bss           0x020159e0        0x0 c:/altera/11.0/nios2eds/bin/gnu/h-i686-mingw32/bin/../lib/gcc/nios2-elf/4.1.2/../../../../nios2-elf/lib\libc.a(lib_a-wsetup.o)
 .bss           0x020159e0        0x0 c:/altera/11.0/nios2eds/bin/gnu/h-i686-mingw32/bin/../lib/gcc/nios2-elf/4.1.2/../../../../nios2-elf/lib\libc.a(lib_a-dtoa.o)
 .bss           0x020159e0        0x0 c:/altera/11.0/nios2eds/bin/gnu/h-i686-mingw32/bin/../lib/gcc/nios2-elf/4.1.2/../../../../nios2-elf/lib\libc.a(lib_a-fflush.o)
 .bss           0x020159e0        0x0 c:/altera/11.0/nios2eds/bin/gnu/h-i686-mingw32/bin/../lib/gcc/nios2-elf/4.1.2/../../../../nios2-elf/lib\libc.a(lib_a-findfp.o)
 .bss           0x020159e0        0x0 c:/altera/11.0/nios2eds/bin/gnu/h-i686-mingw32/bin/../lib/gcc/nios2-elf/4.1.2/../../../../nios2-elf/lib\libc.a(lib_a-freer.o)
 .bss           0x020159e0        0x0 c:/altera/11.0/nios2eds/bin/gnu/h-i686-mingw32/bin/../lib/gcc/nios2-elf/4.1.2/../../../../nios2-elf/lib\libc.a(lib_a-fvwrite.o)
 .bss           0x020159e0        0x0 c:/altera/11.0/nios2eds/bin/gnu/h-i686-mingw32/bin/../lib/gcc/nios2-elf/4.1.2/../../../../nios2-elf/lib\libc.a(lib_a-fwalk.o)
 .bss           0x020159e0        0x0 c:/altera/11.0/nios2eds/bin/gnu/h-i686-mingw32/bin/../lib/gcc/nios2-elf/4.1.2/../../../../nios2-elf/lib\libc.a(lib_a-locale.o)
 .bss           0x020159e0        0x0 c:/altera/11.0/nios2eds/bin/gnu/h-i686-mingw32/bin/../lib/gcc/nios2-elf/4.1.2/../../../../nios2-elf/lib\libc.a(lib_a-makebuf.o)
 .bss           0x020159e0       0x28 c:/altera/11.0/nios2eds/bin/gnu/h-i686-mingw32/bin/../lib/gcc/nios2-elf/4.1.2/../../../../nios2-elf/lib\libc.a(lib_a-mallocr.o)
                0x020159e0                __malloc_current_mallinfo
 .bss           0x02015a08        0x0 c:/altera/11.0/nios2eds/bin/gnu/h-i686-mingw32/bin/../lib/gcc/nios2-elf/4.1.2/../../../../nios2-elf/lib\libc.a(lib_a-memchr.o)
 .bss           0x02015a08        0x0 c:/altera/11.0/nios2eds/bin/gnu/h-i686-mingw32/bin/../lib/gcc/nios2-elf/4.1.2/../../../../nios2-elf/lib\libc.a(lib_a-memcpy.o)
 .bss           0x02015a08        0x0 c:/altera/11.0/nios2eds/bin/gnu/h-i686-mingw32/bin/../lib/gcc/nios2-elf/4.1.2/../../../../nios2-elf/lib\libc.a(lib_a-memmove.o)
 .bss           0x02015a08        0x0 c:/altera/11.0/nios2eds/bin/gnu/h-i686-mingw32/bin/../lib/gcc/nios2-elf/4.1.2/../../../../nios2-elf/lib\libc.a(lib_a-memset.o)
 .bss           0x02015a08        0x0 c:/altera/11.0/nios2eds/bin/gnu/h-i686-mingw32/bin/../lib/gcc/nios2-elf/4.1.2/../../../../nios2-elf/lib\libc.a(lib_a-mprec.o)
 .bss           0x02015a08        0x0 c:/altera/11.0/nios2eds/bin/gnu/h-i686-mingw32/bin/../lib/gcc/nios2-elf/4.1.2/../../../../nios2-elf/lib\libc.a(lib_a-reallocr.o)
 .bss           0x02015a08        0x0 c:/altera/11.0/nios2eds/bin/gnu/h-i686-mingw32/bin/../lib/gcc/nios2-elf/4.1.2/../../../../nios2-elf/lib\libc.a(lib_a-s_isinfd.o)
 .bss           0x02015a08        0x0 c:/altera/11.0/nios2eds/bin/gnu/h-i686-mingw32/bin/../lib/gcc/nios2-elf/4.1.2/../../../../nios2-elf/lib\libc.a(lib_a-sbrkr.o)
 .bss           0x02015a08        0x0 c:/altera/11.0/nios2eds/bin/gnu/h-i686-mingw32/bin/../lib/gcc/nios2-elf/4.1.2/../../../../nios2-elf/lib\libc.a(lib_a-stdio.o)
 .bss           0x02015a08        0x0 c:/altera/11.0/nios2eds/bin/gnu/h-i686-mingw32/bin/../lib/gcc/nios2-elf/4.1.2/../../../../nios2-elf/lib\libc.a(lib_a-strcmp.o)
 .bss           0x02015a08        0x0 c:/altera/11.0/nios2eds/bin/gnu/h-i686-mingw32/bin/../lib/gcc/nios2-elf/4.1.2/../../../../nios2-elf/lib\libc.a(lib_a-writer.o)
 .bss           0x02015a08        0x0 c:/altera/11.0/nios2eds/bin/gnu/h-i686-mingw32/bin/../lib/gcc/nios2-elf/4.1.2/../../../../nios2-elf/lib\libc.a(lib_a-callocr.o)
 .bss           0x02015a08        0x0 c:/altera/11.0/nios2eds/bin/gnu/h-i686-mingw32/bin/../lib/gcc/nios2-elf/4.1.2/../../../../nios2-elf/lib\libc.a(lib_a-closer.o)
 .bss           0x02015a08        0x0 c:/altera/11.0/nios2eds/bin/gnu/h-i686-mingw32/bin/../lib/gcc/nios2-elf/4.1.2/../../../../nios2-elf/lib\libc.a(lib_a-fclose.o)
 .bss           0x02015a08        0x0 c:/altera/11.0/nios2eds/bin/gnu/h-i686-mingw32/bin/../lib/gcc/nios2-elf/4.1.2/../../../../nios2-elf/lib\libc.a(lib_a-fstatr.o)
 .bss           0x02015a08        0x0 c:/altera/11.0/nios2eds/bin/gnu/h-i686-mingw32/bin/../lib/gcc/nios2-elf/4.1.2/../../../../nios2-elf/lib\libc.a(lib_a-int_errno.o)
 .bss           0x02015a08        0x0 c:/altera/11.0/nios2eds/bin/gnu/h-i686-mingw32/bin/../lib/gcc/nios2-elf/4.1.2/../../../../nios2-elf/lib\libc.a(lib_a-isattyr.o)
 .bss           0x02015a08        0x0 c:/altera/11.0/nios2eds/bin/gnu/h-i686-mingw32/bin/../lib/gcc/nios2-elf/4.1.2/../../../../nios2-elf/lib\libc.a(lib_a-lseekr.o)
 .bss           0x02015a08        0x0 c:/altera/11.0/nios2eds/bin/gnu/h-i686-mingw32/bin/../lib/gcc/nios2-elf/4.1.2/../../../../nios2-elf/lib\libc.a(lib_a-readr.o)
 .bss           0x02015a08        0x0 c:/altera/11.0/nios2eds/bin/gnu/h-i686-mingw32/bin/../lib/gcc/nios2-elf/4.1.2\libgcc.a(_umoddi3.o)
 .bss           0x02015a08        0x0 c:/altera/11.0/nios2eds/bin/gnu/h-i686-mingw32/bin/../lib/gcc/nios2-elf/4.1.2\libgcc.a(_eq_df.o)
 .bss           0x02015a08        0x0 c:/altera/11.0/nios2eds/bin/gnu/h-i686-mingw32/bin/../lib/gcc/nios2-elf/4.1.2\libgcc.a(_ne_df.o)
 .bss           0x02015a08        0x0 c:/altera/11.0/nios2eds/bin/gnu/h-i686-mingw32/bin/../lib/gcc/nios2-elf/4.1.2\libgcc.a(_gt_df.o)
 .bss           0x02015a08        0x0 c:/altera/11.0/nios2eds/bin/gnu/h-i686-mingw32/bin/../lib/gcc/nios2-elf/4.1.2\libgcc.a(_si_to_df.o)
 .bss           0x02015a08        0x0 ../FourRotorAircraft_bsp/\libhal_bsp.a(alt_close.o)
 .bss           0x02015a08        0x0 ../FourRotorAircraft_bsp/\libhal_bsp.a(alt_dev.o)
 .bss           0x02015a08        0x0 ../FourRotorAircraft_bsp/\libhal_bsp.a(alt_errno.o)
 .bss           0x02015a08        0x0 ../FourRotorAircraft_bsp/\libhal_bsp.a(alt_fstat.o)
 .bss           0x02015a08        0x0 ../FourRotorAircraft_bsp/\libhal_bsp.a(alt_iic.o)
 .bss           0x02015a08        0x0 ../FourRotorAircraft_bsp/\libhal_bsp.a(alt_iic_isr_register.o)
 .bss           0x02015a08        0x0 ../FourRotorAircraft_bsp/\libhal_bsp.a(alt_irq_entry.o)
 .bss           0x02015a08        0x0 ../FourRotorAircraft_bsp/\libhal_bsp.a(alt_irq_handler.o)
 .bss           0x02015a08        0x0 ../FourRotorAircraft_bsp/\libhal_bsp.a(alt_irq_register.o)
 .bss           0x02015a08        0x0 ../FourRotorAircraft_bsp/\libhal_bsp.a(alt_irq_vars.o)
 .bss           0x02015a08        0x0 ../FourRotorAircraft_bsp/\libhal_bsp.a(alt_isatty.o)
 .bss           0x02015a08        0x0 ../FourRotorAircraft_bsp/\libhal_bsp.a(alt_lseek.o)
 .bss           0x02015a08        0x0 ../FourRotorAircraft_bsp/\libhal_bsp.a(alt_main.o)
 .bss           0x02015a08        0x0 ../FourRotorAircraft_bsp/\libhal_bsp.a(alt_malloc_lock.o)
 .bss           0x02015a08        0x0 ../FourRotorAircraft_bsp/\libhal_bsp.a(alt_read.o)
 .bss           0x02015a08        0x0 ../FourRotorAircraft_bsp/\libhal_bsp.a(alt_release_fd.o)
 .bss           0x02015a08        0x0 ../FourRotorAircraft_bsp/\libhal_bsp.a(alt_sbrk.o)
 .bss           0x02015a08        0x0 ../FourRotorAircraft_bsp/\libhal_bsp.a(alt_usleep.o)
 .bss           0x02015a08        0x0 ../FourRotorAircraft_bsp/\libhal_bsp.a(alt_write.o)
 .bss           0x02015a08        0x0 ../FourRotorAircraft_bsp/\libhal_bsp.a(alt_sys_init.o)
 .bss           0x02015a08        0x0 ../FourRotorAircraft_bsp/\libhal_bsp.a(altera_avalon_cfi_flash.o)
 .bss           0x02015a08        0x0 ../FourRotorAircraft_bsp/\libhal_bsp.a(altera_avalon_cfi_flash_table.o)
 .bss           0x02015a08        0x0 ../FourRotorAircraft_bsp/\libhal_bsp.a(altera_avalon_epcs_flash_controller.o)
 .bss           0x02015a08        0x0 ../FourRotorAircraft_bsp/\libhal_bsp.a(altera_avalon_jtag_uart_fd.o)
 .bss           0x02015a08        0x0 ../FourRotorAircraft_bsp/\libhal_bsp.a(altera_avalon_jtag_uart_init.o)
 .bss           0x02015a08        0x0 ../FourRotorAircraft_bsp/\libhal_bsp.a(altera_avalon_jtag_uart_ioctl.o)
 .bss           0x02015a08        0x0 ../FourRotorAircraft_bsp/\libhal_bsp.a(altera_avalon_jtag_uart_read.o)
 .bss           0x02015a08        0x0 ../FourRotorAircraft_bsp/\libhal_bsp.a(altera_avalon_jtag_uart_write.o)
 .bss           0x02015a08        0x0 ../FourRotorAircraft_bsp/\libhal_bsp.a(altera_avalon_timer_sc.o)
 .bss           0x02015a08        0x0 ../FourRotorAircraft_bsp/\libhal_bsp.a(altera_avalon_uart_fd.o)
 .bss           0x02015a08        0x0 ../FourRotorAircraft_bsp/\libhal_bsp.a(altera_avalon_uart_init.o)
 .bss           0x02015a08        0x0 ../FourRotorAircraft_bsp/\libhal_bsp.a(altera_avalon_uart_read.o)
 .bss           0x02015a08        0x0 ../FourRotorAircraft_bsp/\libhal_bsp.a(altera_avalon_uart_write.o)
 .bss           0x02015a08        0x0 ../FourRotorAircraft_bsp/\libhal_bsp.a(epcs_commands.o)
 .bss           0x02015a08        0x0 ../FourRotorAircraft_bsp/\libhal_bsp.a(alt_alarm_start.o)
 .bss           0x02015a08        0x0 ../FourRotorAircraft_bsp/\libhal_bsp.a(alt_busy_sleep.o)
 .bss           0x02015a08        0x0 ../FourRotorAircraft_bsp/\libhal_bsp.a(alt_dcache_flush.o)
 .bss           0x02015a08        0x0 ../FourRotorAircraft_bsp/\libhal_bsp.a(alt_dev_llist_insert.o)
 .bss           0x02015a08        0x0 ../FourRotorAircraft_bsp/\libhal_bsp.a(alt_do_ctors.o)
 .bss           0x02015a08        0x0 ../FourRotorAircraft_bsp/\libhal_bsp.a(alt_do_dtors.o)
 .bss           0x02015a08        0x0 ../FourRotorAircraft_bsp/\libhal_bsp.a(alt_exception_entry.o)
 .bss           0x02015a08        0x0 ../FourRotorAircraft_bsp/\libhal_bsp.a(alt_flash_dev.o)
 .bss           0x02015a08        0x0 ../FourRotorAircraft_bsp/\libhal_bsp.a(alt_io_redirect.o)
 .bss           0x02015a08        0x0 ../FourRotorAircraft_bsp/\libhal_bsp.a(alt_open.o)
 .bss           0x02015a08        0x0 ../FourRotorAircraft_bsp/\libhal_bsp.a(alt_tick.o)
 .bss           0x02015a08        0x0 ../FourRotorAircraft_bsp/\libhal_bsp.a(altera_nios2_irq.o)
 .bss           0x02015a08        0x0 ../FourRotorAircraft_bsp/\libhal_bsp.a(altera_avalon_cfi_flash_amd.o)
 .bss           0x02015a08        0x0 ../FourRotorAircraft_bsp/\libhal_bsp.a(altera_avalon_cfi_flash_intel.o)
 .bss           0x02015a08        0x0 ../FourRotorAircraft_bsp/\libhal_bsp.a(altera_avalon_spi.o)
 .bss           0x02015a08        0x0 ../FourRotorAircraft_bsp/\libhal_bsp.a(alt_find_dev.o)
 .bss           0x02015a08        0x0 ../FourRotorAircraft_bsp/\libhal_bsp.a(alt_find_file.o)
 .bss           0x02015a08        0x0 ../FourRotorAircraft_bsp/\libhal_bsp.a(alt_get_fd.o)
 .bss           0x02015a08        0x0 c:/altera/11.0/nios2eds/bin/gnu/h-i686-mingw32/bin/../lib/gcc/nios2-elf/4.1.2/../../../../nios2-elf/lib\libc.a(lib_a-atexit.o)
 .bss           0x02015a08        0x0 c:/altera/11.0/nios2eds/bin/gnu/h-i686-mingw32/bin/../lib/gcc/nios2-elf/4.1.2/../../../../nios2-elf/lib\libc.a(lib_a-exit.o)
 .bss           0x02015a08        0x0 c:/altera/11.0/nios2eds/bin/gnu/h-i686-mingw32/bin/../lib/gcc/nios2-elf/4.1.2/../../../../nios2-elf/lib\libc.a(lib_a-memcmp.o)
 .bss           0x02015a08        0x0 c:/altera/11.0/nios2eds/bin/gnu/h-i686-mingw32/bin/../lib/gcc/nios2-elf/4.1.2/../../../../nios2-elf/lib\libc.a(lib_a-__atexit.o)
 .bss           0x02015a08        0x0 c:/altera/11.0/nios2eds/bin/gnu/h-i686-mingw32/bin/../lib/gcc/nios2-elf/4.1.2/../../../../nios2-elf/lib\libc.a(lib_a-__call_atexit.o)
 .bss           0x02015a08        0x0 ../FourRotorAircraft_bsp/\libhal_bsp.a(alt_exit.o)
 *(COMMON)
 COMMON         0x02015a08       0x3c obj/app/app.o
                0x02015a08                standardAngle
                0x02015a14                yawPID
                0x02015a20                rollPID
                0x02015a2c                heightPID
                0x02015a38                pitchPID
 COMMON         0x02015a44      0x100 ../FourRotorAircraft_bsp/\libhal_bsp.a(alt_irq_handler.o)
                0x02015a44                alt_irq
 COMMON         0x02015b44      0x190 c:/altera/11.0/nios2eds/bin/gnu/h-i686-mingw32/bin/../lib/gcc/nios2-elf/4.1.2/../../../../nios2-elf/lib\libc.a(lib_a-atexit.o)
                0x02015b44                _atexit0
                0x02015cd4                . = ALIGN (0x4)
                0x02015cd4                __bss_end = ABSOLUTE (.)

.sdram_0        0x02015cd4        0x0
                0x02015cd4                PROVIDE (_alt_partition_sdram_0_start, ABSOLUTE (.))
 *(.sdram_0. sdram_0.*)
                0x02015cd4                . = ALIGN (0x4)
                0x02015cd4                PROVIDE (_alt_partition_sdram_0_end, ABSOLUTE (.))
                0x02015cd4                _end = ABSOLUTE (.)
                0x02015cd4                end = ABSOLUTE (.)
                0x02015cd4                __alt_stack_base = ABSOLUTE (.)
                0x02015cd4                PROVIDE (_alt_partition_sdram_0_load_addr, LOADADDR (.sdram_0))

.cfi_flash_0    0x04040000        0x0
                0x04040000                PROVIDE (_alt_partition_cfi_flash_0_start, ABSOLUTE (.))
 *(.cfi_flash_0. cfi_flash_0.*)
                0x04040000                . = ALIGN (0x4)
                0x04040000                PROVIDE (_alt_partition_cfi_flash_0_end, ABSOLUTE (.))
                0x04040000                PROVIDE (_alt_partition_cfi_flash_0_load_addr, LOADADDR (.cfi_flash_0))

.epcs_flash_controller_0
                0x04081820        0x0
                0x04081820                PROVIDE (_alt_partition_epcs_flash_controller_0_start, ABSOLUTE (.))
 *(.epcs_flash_controller_0. epcs_flash_controller_0.*)
                0x04081820                . = ALIGN (0x4)
                0x04081820                PROVIDE (_alt_partition_epcs_flash_controller_0_end, ABSOLUTE (.))
                0x04081820                PROVIDE (_alt_partition_epcs_flash_controller_0_load_addr, LOADADDR (.epcs_flash_controller_0))

.stab
 *(.stab)

.stabstr
 *(.stabstr)

.stab.excl
 *(.stab.excl)

.stab.exclstr
 *(.stab.exclstr)

.stab.index
 *(.stab.index)

.stab.indexstr
 *(.stab.indexstr)

.comment        0x00000000       0x23
 *(.comment)
 .comment       0x00000000       0x23 obj/app/app.o
                                 0x24 (size before relaxing)
 .comment       0x00000000       0x24 obj/controller/controller.o
 .comment       0x00000000       0x24 obj/fbm320/fbm320.o
 .comment       0x00000000       0x24 obj/i2c/i2c_opencores.o
 .comment       0x00000000       0x24 obj/jy901/jy901.o
 .comment       0x00000000       0x24 obj/main.o
 .comment       0x00000000       0x24 obj/pwm/pwm.o
 .comment       0x00000000       0x24 obj/timer/timer.o
 .comment       0x00000000       0x24 obj/us100/us100.o
 .comment       0x00000000       0x24 c:/altera/11.0/nios2eds/bin/gnu/h-i686-mingw32/bin/../lib/gcc/nios2-elf/4.1.2/../../../../nios2-elf/lib\libm.a(lib_a-w_sqrt.o)
 .comment       0x00000000       0x24 c:/altera/11.0/nios2eds/bin/gnu/h-i686-mingw32/bin/../lib/gcc/nios2-elf/4.1.2/../../../../nios2-elf/lib\libm.a(lib_a-e_sqrt.o)
 .comment       0x00000000       0x24 c:/altera/11.0/nios2eds/bin/gnu/h-i686-mingw32/bin/../lib/gcc/nios2-elf/4.1.2/../../../../nios2-elf/lib\libm.a(lib_a-s_isnand.o)
 .comment       0x00000000       0x24 c:/altera/11.0/nios2eds/bin/gnu/h-i686-mingw32/bin/../lib/gcc/nios2-elf/4.1.2/../../../../nios2-elf/lib\libm.a(lib_a-s_lib_ver.o)
 .comment       0x00000000       0x24 c:/altera/11.0/nios2eds/bin/gnu/h-i686-mingw32/bin/../lib/gcc/nios2-elf/4.1.2/../../../../nios2-elf/lib\libm.a(lib_a-s_matherr.o)
 .comment       0x00000000       0x24 c:/altera/11.0/nios2eds/bin/gnu/h-i686-mingw32/bin/../lib/gcc/nios2-elf/4.1.2\libgcc.a(_fixunsdfdi.o)
 .comment       0x00000000       0x24 c:/altera/11.0/nios2eds/bin/gnu/h-i686-mingw32/bin/../lib/gcc/nios2-elf/4.1.2\libgcc.a(_floatundidf.o)
 .comment       0x00000000       0x24 c:/altera/11.0/nios2eds/bin/gnu/h-i686-mingw32/bin/../lib/gcc/nios2-elf/4.1.2\libgcc.a(_udivdi3.o)
 .comment       0x00000000       0x24 c:/altera/11.0/nios2eds/bin/gnu/h-i686-mingw32/bin/../lib/gcc/nios2-elf/4.1.2\libgcc.a(_addsub_sf.o)
 .comment       0x00000000       0x24 c:/altera/11.0/nios2eds/bin/gnu/h-i686-mingw32/bin/../lib/gcc/nios2-elf/4.1.2\libgcc.a(_mul_sf.o)
 .comment       0x00000000       0x24 c:/altera/11.0/nios2eds/bin/gnu/h-i686-mingw32/bin/../lib/gcc/nios2-elf/4.1.2\libgcc.a(_div_sf.o)
 .comment       0x00000000       0x24 c:/altera/11.0/nios2eds/bin/gnu/h-i686-mingw32/bin/../lib/gcc/nios2-elf/4.1.2\libgcc.a(_gt_sf.o)
 .comment       0x00000000       0x24 c:/altera/11.0/nios2eds/bin/gnu/h-i686-mingw32/bin/../lib/gcc/nios2-elf/4.1.2\libgcc.a(_lt_sf.o)
 .comment       0x00000000       0x24 c:/altera/11.0/nios2eds/bin/gnu/h-i686-mingw32/bin/../lib/gcc/nios2-elf/4.1.2\libgcc.a(_si_to_sf.o)
 .comment       0x00000000       0x24 c:/altera/11.0/nios2eds/bin/gnu/h-i686-mingw32/bin/../lib/gcc/nios2-elf/4.1.2\libgcc.a(_sf_to_si.o)
 .comment       0x00000000       0x24 c:/altera/11.0/nios2eds/bin/gnu/h-i686-mingw32/bin/../lib/gcc/nios2-elf/4.1.2\libgcc.a(_sf_to_df.o)
 .comment       0x00000000       0x24 c:/altera/11.0/nios2eds/bin/gnu/h-i686-mingw32/bin/../lib/gcc/nios2-elf/4.1.2\libgcc.a(_thenan_sf.o)
 .comment       0x00000000       0x24 c:/altera/11.0/nios2eds/bin/gnu/h-i686-mingw32/bin/../lib/gcc/nios2-elf/4.1.2\libgcc.a(_usi_to_sf.o)
 .comment       0x00000000       0x24 c:/altera/11.0/nios2eds/bin/gnu/h-i686-mingw32/bin/../lib/gcc/nios2-elf/4.1.2\libgcc.a(_addsub_df.o)
 .comment       0x00000000       0x24 c:/altera/11.0/nios2eds/bin/gnu/h-i686-mingw32/bin/../lib/gcc/nios2-elf/4.1.2\libgcc.a(_mul_df.o)
 .comment       0x00000000       0x24 c:/altera/11.0/nios2eds/bin/gnu/h-i686-mingw32/bin/../lib/gcc/nios2-elf/4.1.2\libgcc.a(_div_df.o)
 .comment       0x00000000       0x24 c:/altera/11.0/nios2eds/bin/gnu/h-i686-mingw32/bin/../lib/gcc/nios2-elf/4.1.2\libgcc.a(_lt_df.o)
 .comment       0x00000000       0x24 c:/altera/11.0/nios2eds/bin/gnu/h-i686-mingw32/bin/../lib/gcc/nios2-elf/4.1.2\libgcc.a(_df_to_si.o)
 .comment       0x00000000       0x24 c:/altera/11.0/nios2eds/bin/gnu/h-i686-mingw32/bin/../lib/gcc/nios2-elf/4.1.2\libgcc.a(_make_df.o)
 .comment       0x00000000       0x24 c:/altera/11.0/nios2eds/bin/gnu/h-i686-mingw32/bin/../lib/gcc/nios2-elf/4.1.2\libgcc.a(_df_to_sf.o)
 .comment       0x00000000       0x24 c:/altera/11.0/nios2eds/bin/gnu/h-i686-mingw32/bin/../lib/gcc/nios2-elf/4.1.2\libgcc.a(_thenan_df.o)